Uncompressed table at 4:0 has 2508 entries whereas compressed table has 37 entries. This is a decrease of 98.52472089314195%
Uncompressed table at 4:1 has 2508 entries whereas compressed table has 20 entries. This is a decrease of 99.20255183413079%
Uncompressed table at 3:1 has 2512 entries whereas compressed table has 17 entries. This is a decrease of 99.32324840764332%
Uncompressed table at 2:1 has 2517 entries whereas compressed table has 18 entries. This is a decrease of 99.28486293206198%
Uncompressed table at 1:1 has 2534 entries whereas compressed table has 18 entries. This is a decrease of 99.28966061562747%
Uncompressed table at 0:1 has 2529 entries whereas compressed table has 19 entries. This is a decrease of 99.2487149070779%
Uncompressed table at 4:2 has 2508 entries whereas compressed table has 19 entries. This is a decrease of 99.24242424242425%
Uncompressed table at 3:2 has 2511 entries whereas compressed table has 19 entries. This is a decrease of 99.24332935085623%
Uncompressed table at 2:2 has 2523 entries whereas compressed table has 19 entries. This is a decrease of 99.24692826000793%
Uncompressed table at 1:2 has 2514 entries whereas compressed table has 19 entries. This is a decrease of 99.2442322991249%
Uncompressed table at 0:2 has 2517 entries whereas compressed table has 19 entries. This is a decrease of 99.24513309495431%
Uncompressed table at 4:3 has 2507 entries whereas compressed table has 7 entries. This is a decrease of 99.7207818109294%
Uncompressed table at 3:3 has 2511 entries whereas compressed table has 18 entries. This is a decrease of 99.2831541218638%
Uncompressed table at 2:3 has 2509 entries whereas compressed table has 20 entries. This is a decrease of 99.2028696691909%
Uncompressed table at 1:3 has 2508 entries whereas compressed table has 18 entries. This is a decrease of 99.28229665071771%
Uncompressed table at 0:3 has 2508 entries whereas compressed table has 20 entries. This is a decrease of 99.20255183413079%
Uncompressed table at 0:0 has 2623 entries whereas compressed table has 33 entries. This is a decrease of 98.74189858940144%
Uncompressed table at 2:0 has 2518 entries whereas compressed table has 54 entries. This is a decrease of 97.85544082605242%
Uncompressed table at 3:0 has 2513 entries whereas compressed table has 57 entries. This is a decrease of 97.73179466772781%
Uncompressed table at 1:0 has 2522 entries whereas compressed table has 54 entries. This is a decrease of 97.85884218873909%
Uncompressed table at 7:3 has 313 entries whereas compressed table has 313 entries. This is a decrease of 0.0%
Uncompressed table at 6:2 has 626 entries whereas compressed table has 626 entries. This is a decrease of 0.0%
Uncompressed table at 5:1 has 939 entries whereas compressed table has 939 entries. This is a decrease of 0.0%

Total has 52278 entries whereas compressed tables have 2383 entries. This is an average decrease of 95.44167718734458%
Worst case has 939 entries whereas compressed tables have 939 entries. This is a decrease of 0.0%
