        Placement Information by Vertex
        ===============================

Generated: Thu Mar 23 10:41:27 2023 for target machine '172.16.223.1'

**** Vertex: 'input'
Model: SPIFInputDevice
Pop size: 4096
Machine Vertices: 
  Slice (0:31) on FGPA 0, FPGA link 11, board None, linked to chip (0, 0)
  Slice (0:31) on FGPA 0, FPGA link 13, board None, linked to chip (0, 0)
  Slice (0:31) on FGPA 0, FPGA link 15, board None, linked to chip (0, 0)
  Slice (0:31) on FGPA 0, FPGA link 1, board None, linked to chip (0, 0)
  Slice (0:31) on FGPA 0, FPGA link 3, board None, linked to chip (0, 0)
  Slice (0:31) on FGPA 0, FPGA link 5, board None, linked to chip (0, 0)
  Slice (0:31) on FGPA 0, FPGA link 7, board None, linked to chip (0, 0)
  Slice (0:31) on FGPA 0, FPGA link 9, board None, linked to chip (0, 0)
  Slice (0:4095) on FGPA 0, FPGA link 15, board None, linked to chip (0, 0)
  Slice (32:63) on FGPA 0, FPGA link 11, board None, linked to chip (0, 0)
  Slice (32:63) on FGPA 0, FPGA link 13, board None, linked to chip (0, 0)
  Slice (32:63) on FGPA 0, FPGA link 15, board None, linked to chip (0, 0)
  Slice (32:63) on FGPA 0, FPGA link 1, board None, linked to chip (0, 0)
  Slice (32:63) on FGPA 0, FPGA link 3, board None, linked to chip (0, 0)
  Slice (32:63) on FGPA 0, FPGA link 5, board None, linked to chip (0, 0)
  Slice (32:63) on FGPA 0, FPGA link 7, board None, linked to chip (0, 0)
  Slice (32:63) on FGPA 0, FPGA link 9, board None, linked to chip (0, 0)
  Slice (64:95) on FGPA 0, FPGA link 11, board None, linked to chip (0, 0)
  Slice (64:95) on FGPA 0, FPGA link 13, board None, linked to chip (0, 0)
  Slice (64:95) on FGPA 0, FPGA link 15, board None, linked to chip (0, 0)
  Slice (64:95) on FGPA 0, FPGA link 1, board None, linked to chip (0, 0)
  Slice (64:95) on FGPA 0, FPGA link 3, board None, linked to chip (0, 0)
  Slice (64:95) on FGPA 0, FPGA link 5, board None, linked to chip (0, 0)
  Slice (64:95) on FGPA 0, FPGA link 7, board None, linked to chip (0, 0)
  Slice (64:95) on FGPA 0, FPGA link 9, board None, linked to chip (0, 0)
  Slice (96:127) on FGPA 0, FPGA link 11, board None, linked to chip (0, 0)
  Slice (96:127) on FGPA 0, FPGA link 13, board None, linked to chip (0, 0)
  Slice (96:127) on FGPA 0, FPGA link 15, board None, linked to chip (0, 0)
  Slice (96:127) on FGPA 0, FPGA link 1, board None, linked to chip (0, 0)
  Slice (96:127) on FGPA 0, FPGA link 3, board None, linked to chip (0, 0)
  Slice (96:127) on FGPA 0, FPGA link 5, board None, linked to chip (0, 0)
  Slice (96:127) on FGPA 0, FPGA link 7, board None, linked to chip (0, 0)
  Slice (96:127) on FGPA 0, FPGA link 9, board None, linked to chip (0, 0)
  Slice (128:159) on FGPA 0, FPGA link 11, board None, linked to chip (0, 0)
  Slice (128:159) on FGPA 0, FPGA link 13, board None, linked to chip (0, 0)
  Slice (128:159) on FGPA 0, FPGA link 15, board None, linked to chip (0, 0)
  Slice (128:159) on FGPA 0, FPGA link 1, board None, linked to chip (0, 0)
  Slice (128:159) on FGPA 0, FPGA link 3, board None, linked to chip (0, 0)
  Slice (128:159) on FGPA 0, FPGA link 5, board None, linked to chip (0, 0)
  Slice (128:159) on FGPA 0, FPGA link 7, board None, linked to chip (0, 0)
  Slice (128:159) on FGPA 0, FPGA link 9, board None, linked to chip (0, 0)
  Slice (160:191) on FGPA 0, FPGA link 11, board None, linked to chip (0, 0)
  Slice (160:191) on FGPA 0, FPGA link 13, board None, linked to chip (0, 0)
  Slice (160:191) on FGPA 0, FPGA link 15, board None, linked to chip (0, 0)
  Slice (160:191) on FGPA 0, FPGA link 1, board None, linked to chip (0, 0)
  Slice (160:191) on FGPA 0, FPGA link 3, board None, linked to chip (0, 0)
  Slice (160:191) on FGPA 0, FPGA link 5, board None, linked to chip (0, 0)
  Slice (160:191) on FGPA 0, FPGA link 7, board None, linked to chip (0, 0)
  Slice (160:191) on FGPA 0, FPGA link 9, board None, linked to chip (0, 0)
  Slice (192:223) on FGPA 0, FPGA link 11, board None, linked to chip (0, 0)
  Slice (192:223) on FGPA 0, FPGA link 13, board None, linked to chip (0, 0)
  Slice (192:223) on FGPA 0, FPGA link 15, board None, linked to chip (0, 0)
  Slice (192:223) on FGPA 0, FPGA link 1, board None, linked to chip (0, 0)
  Slice (192:223) on FGPA 0, FPGA link 3, board None, linked to chip (0, 0)
  Slice (192:223) on FGPA 0, FPGA link 5, board None, linked to chip (0, 0)
  Slice (192:223) on FGPA 0, FPGA link 7, board None, linked to chip (0, 0)
  Slice (192:223) on FGPA 0, FPGA link 9, board None, linked to chip (0, 0)
  Slice (224:255) on FGPA 0, FPGA link 11, board None, linked to chip (0, 0)
  Slice (224:255) on FGPA 0, FPGA link 13, board None, linked to chip (0, 0)
  Slice (224:255) on FGPA 0, FPGA link 15, board None, linked to chip (0, 0)
  Slice (224:255) on FGPA 0, FPGA link 1, board None, linked to chip (0, 0)
  Slice (224:255) on FGPA 0, FPGA link 3, board None, linked to chip (0, 0)
  Slice (224:255) on FGPA 0, FPGA link 5, board None, linked to chip (0, 0)
  Slice (224:255) on FGPA 0, FPGA link 7, board None, linked to chip (0, 0)
  Slice (224:255) on FGPA 0, FPGA link 9, board None, linked to chip (0, 0)
  Slice (256:287) on FGPA 0, FPGA link 11, board None, linked to chip (0, 0)
  Slice (256:287) on FGPA 0, FPGA link 13, board None, linked to chip (0, 0)
  Slice (256:287) on FGPA 0, FPGA link 15, board None, linked to chip (0, 0)
  Slice (256:287) on FGPA 0, FPGA link 1, board None, linked to chip (0, 0)
  Slice (256:287) on FGPA 0, FPGA link 3, board None, linked to chip (0, 0)
  Slice (256:287) on FGPA 0, FPGA link 5, board None, linked to chip (0, 0)
  Slice (256:287) on FGPA 0, FPGA link 7, board None, linked to chip (0, 0)
  Slice (256:287) on FGPA 0, FPGA link 9, board None, linked to chip (0, 0)
  Slice (288:319) on FGPA 0, FPGA link 11, board None, linked to chip (0, 0)
  Slice (288:319) on FGPA 0, FPGA link 13, board None, linked to chip (0, 0)
  Slice (288:319) on FGPA 0, FPGA link 15, board None, linked to chip (0, 0)
  Slice (288:319) on FGPA 0, FPGA link 1, board None, linked to chip (0, 0)
  Slice (288:319) on FGPA 0, FPGA link 3, board None, linked to chip (0, 0)
  Slice (288:319) on FGPA 0, FPGA link 5, board None, linked to chip (0, 0)
  Slice (288:319) on FGPA 0, FPGA link 7, board None, linked to chip (0, 0)
  Slice (288:319) on FGPA 0, FPGA link 9, board None, linked to chip (0, 0)
  Slice (320:351) on FGPA 0, FPGA link 11, board None, linked to chip (0, 0)
  Slice (320:351) on FGPA 0, FPGA link 13, board None, linked to chip (0, 0)
  Slice (320:351) on FGPA 0, FPGA link 15, board None, linked to chip (0, 0)
  Slice (320:351) on FGPA 0, FPGA link 1, board None, linked to chip (0, 0)
  Slice (320:351) on FGPA 0, FPGA link 3, board None, linked to chip (0, 0)
  Slice (320:351) on FGPA 0, FPGA link 5, board None, linked to chip (0, 0)
  Slice (320:351) on FGPA 0, FPGA link 7, board None, linked to chip (0, 0)
  Slice (320:351) on FGPA 0, FPGA link 9, board None, linked to chip (0, 0)
  Slice (352:383) on FGPA 0, FPGA link 11, board None, linked to chip (0, 0)
  Slice (352:383) on FGPA 0, FPGA link 13, board None, linked to chip (0, 0)
  Slice (352:383) on FGPA 0, FPGA link 15, board None, linked to chip (0, 0)
  Slice (352:383) on FGPA 0, FPGA link 1, board None, linked to chip (0, 0)
  Slice (352:383) on FGPA 0, FPGA link 3, board None, linked to chip (0, 0)
  Slice (352:383) on FGPA 0, FPGA link 5, board None, linked to chip (0, 0)
  Slice (352:383) on FGPA 0, FPGA link 7, board None, linked to chip (0, 0)
  Slice (352:383) on FGPA 0, FPGA link 9, board None, linked to chip (0, 0)
  Slice (384:415) on FGPA 0, FPGA link 11, board None, linked to chip (0, 0)
  Slice (384:415) on FGPA 0, FPGA link 13, board None, linked to chip (0, 0)
  Slice (384:415) on FGPA 0, FPGA link 15, board None, linked to chip (0, 0)
  Slice (384:415) on FGPA 0, FPGA link 1, board None, linked to chip (0, 0)
  Slice (384:415) on FGPA 0, FPGA link 3, board None, linked to chip (0, 0)
  Slice (384:415) on FGPA 0, FPGA link 5, board None, linked to chip (0, 0)
  Slice (384:415) on FGPA 0, FPGA link 7, board None, linked to chip (0, 0)
  Slice (384:415) on FGPA 0, FPGA link 9, board None, linked to chip (0, 0)
  Slice (416:447) on FGPA 0, FPGA link 11, board None, linked to chip (0, 0)
  Slice (416:447) on FGPA 0, FPGA link 13, board None, linked to chip (0, 0)
  Slice (416:447) on FGPA 0, FPGA link 15, board None, linked to chip (0, 0)
  Slice (416:447) on FGPA 0, FPGA link 1, board None, linked to chip (0, 0)
  Slice (416:447) on FGPA 0, FPGA link 3, board None, linked to chip (0, 0)
  Slice (416:447) on FGPA 0, FPGA link 5, board None, linked to chip (0, 0)
  Slice (416:447) on FGPA 0, FPGA link 7, board None, linked to chip (0, 0)
  Slice (416:447) on FGPA 0, FPGA link 9, board None, linked to chip (0, 0)
  Slice (448:479) on FGPA 0, FPGA link 11, board None, linked to chip (0, 0)
  Slice (448:479) on FGPA 0, FPGA link 13, board None, linked to chip (0, 0)
  Slice (448:479) on FGPA 0, FPGA link 15, board None, linked to chip (0, 0)
  Slice (448:479) on FGPA 0, FPGA link 1, board None, linked to chip (0, 0)
  Slice (448:479) on FGPA 0, FPGA link 3, board None, linked to chip (0, 0)
  Slice (448:479) on FGPA 0, FPGA link 5, board None, linked to chip (0, 0)
  Slice (448:479) on FGPA 0, FPGA link 7, board None, linked to chip (0, 0)
  Slice (448:479) on FGPA 0, FPGA link 9, board None, linked to chip (0, 0)
  Slice (480:511) on FGPA 0, FPGA link 11, board None, linked to chip (0, 0)
  Slice (480:511) on FGPA 0, FPGA link 13, board None, linked to chip (0, 0)
  Slice (480:511) on FGPA 0, FPGA link 15, board None, linked to chip (0, 0)
  Slice (480:511) on FGPA 0, FPGA link 1, board None, linked to chip (0, 0)
  Slice (480:511) on FGPA 0, FPGA link 3, board None, linked to chip (0, 0)
  Slice (480:511) on FGPA 0, FPGA link 5, board None, linked to chip (0, 0)
  Slice (480:511) on FGPA 0, FPGA link 7, board None, linked to chip (0, 0)
  Slice (480:511) on FGPA 0, FPGA link 9, board None, linked to chip (0, 0)
  Slice (512:543) on FGPA 0, FPGA link 11, board None, linked to chip (0, 0)
  Slice (512:543) on FGPA 0, FPGA link 13, board None, linked to chip (0, 0)
  Slice (512:543) on FGPA 0, FPGA link 15, board None, linked to chip (0, 0)
  Slice (512:543) on FGPA 0, FPGA link 1, board None, linked to chip (0, 0)
  Slice (512:543) on FGPA 0, FPGA link 3, board None, linked to chip (0, 0)
  Slice (512:543) on FGPA 0, FPGA link 5, board None, linked to chip (0, 0)
  Slice (512:543) on FGPA 0, FPGA link 7, board None, linked to chip (0, 0)
  Slice (512:543) on FGPA 0, FPGA link 9, board None, linked to chip (0, 0)
  Slice (544:575) on FGPA 0, FPGA link 11, board None, linked to chip (0, 0)
  Slice (544:575) on FGPA 0, FPGA link 13, board None, linked to chip (0, 0)
  Slice (544:575) on FGPA 0, FPGA link 15, board None, linked to chip (0, 0)
  Slice (544:575) on FGPA 0, FPGA link 1, board None, linked to chip (0, 0)
  Slice (544:575) on FGPA 0, FPGA link 3, board None, linked to chip (0, 0)
  Slice (544:575) on FGPA 0, FPGA link 5, board None, linked to chip (0, 0)
  Slice (544:575) on FGPA 0, FPGA link 7, board None, linked to chip (0, 0)
  Slice (544:575) on FGPA 0, FPGA link 9, board None, linked to chip (0, 0)
  Slice (576:607) on FGPA 0, FPGA link 11, board None, linked to chip (0, 0)
  Slice (576:607) on FGPA 0, FPGA link 13, board None, linked to chip (0, 0)
  Slice (576:607) on FGPA 0, FPGA link 15, board None, linked to chip (0, 0)
  Slice (576:607) on FGPA 0, FPGA link 1, board None, linked to chip (0, 0)
  Slice (576:607) on FGPA 0, FPGA link 3, board None, linked to chip (0, 0)
  Slice (576:607) on FGPA 0, FPGA link 5, board None, linked to chip (0, 0)
  Slice (576:607) on FGPA 0, FPGA link 7, board None, linked to chip (0, 0)
  Slice (576:607) on FGPA 0, FPGA link 9, board None, linked to chip (0, 0)
  Slice (608:639) on FGPA 0, FPGA link 11, board None, linked to chip (0, 0)
  Slice (608:639) on FGPA 0, FPGA link 13, board None, linked to chip (0, 0)
  Slice (608:639) on FGPA 0, FPGA link 15, board None, linked to chip (0, 0)
  Slice (608:639) on FGPA 0, FPGA link 1, board None, linked to chip (0, 0)
  Slice (608:639) on FGPA 0, FPGA link 3, board None, linked to chip (0, 0)
  Slice (608:639) on FGPA 0, FPGA link 5, board None, linked to chip (0, 0)
  Slice (608:639) on FGPA 0, FPGA link 7, board None, linked to chip (0, 0)
  Slice (608:639) on FGPA 0, FPGA link 9, board None, linked to chip (0, 0)
  Slice (640:671) on FGPA 0, FPGA link 11, board None, linked to chip (0, 0)
  Slice (640:671) on FGPA 0, FPGA link 13, board None, linked to chip (0, 0)
  Slice (640:671) on FGPA 0, FPGA link 15, board None, linked to chip (0, 0)
  Slice (640:671) on FGPA 0, FPGA link 1, board None, linked to chip (0, 0)
  Slice (640:671) on FGPA 0, FPGA link 3, board None, linked to chip (0, 0)
  Slice (640:671) on FGPA 0, FPGA link 5, board None, linked to chip (0, 0)
  Slice (640:671) on FGPA 0, FPGA link 7, board None, linked to chip (0, 0)
  Slice (640:671) on FGPA 0, FPGA link 9, board None, linked to chip (0, 0)
  Slice (672:703) on FGPA 0, FPGA link 11, board None, linked to chip (0, 0)
  Slice (672:703) on FGPA 0, FPGA link 13, board None, linked to chip (0, 0)
  Slice (672:703) on FGPA 0, FPGA link 15, board None, linked to chip (0, 0)
  Slice (672:703) on FGPA 0, FPGA link 1, board None, linked to chip (0, 0)
  Slice (672:703) on FGPA 0, FPGA link 3, board None, linked to chip (0, 0)
  Slice (672:703) on FGPA 0, FPGA link 5, board None, linked to chip (0, 0)
  Slice (672:703) on FGPA 0, FPGA link 7, board None, linked to chip (0, 0)
  Slice (672:703) on FGPA 0, FPGA link 9, board None, linked to chip (0, 0)
  Slice (704:735) on FGPA 0, FPGA link 11, board None, linked to chip (0, 0)
  Slice (704:735) on FGPA 0, FPGA link 13, board None, linked to chip (0, 0)
  Slice (704:735) on FGPA 0, FPGA link 15, board None, linked to chip (0, 0)
  Slice (704:735) on FGPA 0, FPGA link 1, board None, linked to chip (0, 0)
  Slice (704:735) on FGPA 0, FPGA link 3, board None, linked to chip (0, 0)
  Slice (704:735) on FGPA 0, FPGA link 5, board None, linked to chip (0, 0)
  Slice (704:735) on FGPA 0, FPGA link 7, board None, linked to chip (0, 0)
  Slice (704:735) on FGPA 0, FPGA link 9, board None, linked to chip (0, 0)
  Slice (736:767) on FGPA 0, FPGA link 11, board None, linked to chip (0, 0)
  Slice (736:767) on FGPA 0, FPGA link 13, board None, linked to chip (0, 0)
  Slice (736:767) on FGPA 0, FPGA link 15, board None, linked to chip (0, 0)
  Slice (736:767) on FGPA 0, FPGA link 1, board None, linked to chip (0, 0)
  Slice (736:767) on FGPA 0, FPGA link 3, board None, linked to chip (0, 0)
  Slice (736:767) on FGPA 0, FPGA link 5, board None, linked to chip (0, 0)
  Slice (736:767) on FGPA 0, FPGA link 7, board None, linked to chip (0, 0)
  Slice (736:767) on FGPA 0, FPGA link 9, board None, linked to chip (0, 0)
  Slice (768:799) on FGPA 0, FPGA link 11, board None, linked to chip (0, 0)
  Slice (768:799) on FGPA 0, FPGA link 13, board None, linked to chip (0, 0)
  Slice (768:799) on FGPA 0, FPGA link 15, board None, linked to chip (0, 0)
  Slice (768:799) on FGPA 0, FPGA link 1, board None, linked to chip (0, 0)
  Slice (768:799) on FGPA 0, FPGA link 3, board None, linked to chip (0, 0)
  Slice (768:799) on FGPA 0, FPGA link 5, board None, linked to chip (0, 0)
  Slice (768:799) on FGPA 0, FPGA link 7, board None, linked to chip (0, 0)
  Slice (768:799) on FGPA 0, FPGA link 9, board None, linked to chip (0, 0)
  Slice (800:831) on FGPA 0, FPGA link 11, board None, linked to chip (0, 0)
  Slice (800:831) on FGPA 0, FPGA link 13, board None, linked to chip (0, 0)
  Slice (800:831) on FGPA 0, FPGA link 15, board None, linked to chip (0, 0)
  Slice (800:831) on FGPA 0, FPGA link 1, board None, linked to chip (0, 0)
  Slice (800:831) on FGPA 0, FPGA link 3, board None, linked to chip (0, 0)
  Slice (800:831) on FGPA 0, FPGA link 5, board None, linked to chip (0, 0)
  Slice (800:831) on FGPA 0, FPGA link 7, board None, linked to chip (0, 0)
  Slice (800:831) on FGPA 0, FPGA link 9, board None, linked to chip (0, 0)
  Slice (832:863) on FGPA 0, FPGA link 11, board None, linked to chip (0, 0)
  Slice (832:863) on FGPA 0, FPGA link 13, board None, linked to chip (0, 0)
  Slice (832:863) on FGPA 0, FPGA link 15, board None, linked to chip (0, 0)
  Slice (832:863) on FGPA 0, FPGA link 1, board None, linked to chip (0, 0)
  Slice (832:863) on FGPA 0, FPGA link 3, board None, linked to chip (0, 0)
  Slice (832:863) on FGPA 0, FPGA link 5, board None, linked to chip (0, 0)
  Slice (832:863) on FGPA 0, FPGA link 7, board None, linked to chip (0, 0)
  Slice (832:863) on FGPA 0, FPGA link 9, board None, linked to chip (0, 0)
  Slice (864:895) on FGPA 0, FPGA link 11, board None, linked to chip (0, 0)
  Slice (864:895) on FGPA 0, FPGA link 13, board None, linked to chip (0, 0)
  Slice (864:895) on FGPA 0, FPGA link 15, board None, linked to chip (0, 0)
  Slice (864:895) on FGPA 0, FPGA link 1, board None, linked to chip (0, 0)
  Slice (864:895) on FGPA 0, FPGA link 3, board None, linked to chip (0, 0)
  Slice (864:895) on FGPA 0, FPGA link 5, board None, linked to chip (0, 0)
  Slice (864:895) on FGPA 0, FPGA link 7, board None, linked to chip (0, 0)
  Slice (864:895) on FGPA 0, FPGA link 9, board None, linked to chip (0, 0)
  Slice (896:927) on FGPA 0, FPGA link 11, board None, linked to chip (0, 0)
  Slice (896:927) on FGPA 0, FPGA link 13, board None, linked to chip (0, 0)
  Slice (896:927) on FGPA 0, FPGA link 15, board None, linked to chip (0, 0)
  Slice (896:927) on FGPA 0, FPGA link 1, board None, linked to chip (0, 0)
  Slice (896:927) on FGPA 0, FPGA link 3, board None, linked to chip (0, 0)
  Slice (896:927) on FGPA 0, FPGA link 5, board None, linked to chip (0, 0)
  Slice (896:927) on FGPA 0, FPGA link 7, board None, linked to chip (0, 0)
  Slice (896:927) on FGPA 0, FPGA link 9, board None, linked to chip (0, 0)
  Slice (928:959) on FGPA 0, FPGA link 11, board None, linked to chip (0, 0)
  Slice (928:959) on FGPA 0, FPGA link 13, board None, linked to chip (0, 0)
  Slice (928:959) on FGPA 0, FPGA link 15, board None, linked to chip (0, 0)
  Slice (928:959) on FGPA 0, FPGA link 1, board None, linked to chip (0, 0)
  Slice (928:959) on FGPA 0, FPGA link 3, board None, linked to chip (0, 0)
  Slice (928:959) on FGPA 0, FPGA link 5, board None, linked to chip (0, 0)
  Slice (928:959) on FGPA 0, FPGA link 7, board None, linked to chip (0, 0)
  Slice (928:959) on FGPA 0, FPGA link 9, board None, linked to chip (0, 0)
  Slice (960:991) on FGPA 0, FPGA link 11, board None, linked to chip (0, 0)
  Slice (960:991) on FGPA 0, FPGA link 13, board None, linked to chip (0, 0)
  Slice (960:991) on FGPA 0, FPGA link 15, board None, linked to chip (0, 0)
  Slice (960:991) on FGPA 0, FPGA link 1, board None, linked to chip (0, 0)
  Slice (960:991) on FGPA 0, FPGA link 3, board None, linked to chip (0, 0)
  Slice (960:991) on FGPA 0, FPGA link 5, board None, linked to chip (0, 0)
  Slice (960:991) on FGPA 0, FPGA link 7, board None, linked to chip (0, 0)
  Slice (960:991) on FGPA 0, FPGA link 9, board None, linked to chip (0, 0)
  Slice (992:1023) on FGPA 0, FPGA link 11, board None, linked to chip (0, 0)
  Slice (992:1023) on FGPA 0, FPGA link 13, board None, linked to chip (0, 0)
  Slice (992:1023) on FGPA 0, FPGA link 15, board None, linked to chip (0, 0)
  Slice (992:1023) on FGPA 0, FPGA link 1, board None, linked to chip (0, 0)
  Slice (992:1023) on FGPA 0, FPGA link 3, board None, linked to chip (0, 0)
  Slice (992:1023) on FGPA 0, FPGA link 5, board None, linked to chip (0, 0)
  Slice (992:1023) on FGPA 0, FPGA link 7, board None, linked to chip (0, 0)
  Slice (992:1023) on FGPA 0, FPGA link 9, board None, linked to chip (0, 0)
  Slice (1024:1055) on FGPA 0, FPGA link 11, board None, linked to chip (0, 0)
  Slice (1024:1055) on FGPA 0, FPGA link 13, board None, linked to chip (0, 0)
  Slice (1024:1055) on FGPA 0, FPGA link 15, board None, linked to chip (0, 0)
  Slice (1024:1055) on FGPA 0, FPGA link 1, board None, linked to chip (0, 0)
  Slice (1024:1055) on FGPA 0, FPGA link 3, board None, linked to chip (0, 0)
  Slice (1024:1055) on FGPA 0, FPGA link 5, board None, linked to chip (0, 0)
  Slice (1024:1055) on FGPA 0, FPGA link 7, board None, linked to chip (0, 0)
  Slice (1024:1055) on FGPA 0, FPGA link 9, board None, linked to chip (0, 0)
  Slice (1056:1087) on FGPA 0, FPGA link 11, board None, linked to chip (0, 0)
  Slice (1056:1087) on FGPA 0, FPGA link 13, board None, linked to chip (0, 0)
  Slice (1056:1087) on FGPA 0, FPGA link 15, board None, linked to chip (0, 0)
  Slice (1056:1087) on FGPA 0, FPGA link 1, board None, linked to chip (0, 0)
  Slice (1056:1087) on FGPA 0, FPGA link 3, board None, linked to chip (0, 0)
  Slice (1056:1087) on FGPA 0, FPGA link 5, board None, linked to chip (0, 0)
  Slice (1056:1087) on FGPA 0, FPGA link 7, board None, linked to chip (0, 0)
  Slice (1056:1087) on FGPA 0, FPGA link 9, board None, linked to chip (0, 0)
  Slice (1088:1119) on FGPA 0, FPGA link 11, board None, linked to chip (0, 0)
  Slice (1088:1119) on FGPA 0, FPGA link 13, board None, linked to chip (0, 0)
  Slice (1088:1119) on FGPA 0, FPGA link 15, board None, linked to chip (0, 0)
  Slice (1088:1119) on FGPA 0, FPGA link 1, board None, linked to chip (0, 0)
  Slice (1088:1119) on FGPA 0, FPGA link 3, board None, linked to chip (0, 0)
  Slice (1088:1119) on FGPA 0, FPGA link 5, board None, linked to chip (0, 0)
  Slice (1088:1119) on FGPA 0, FPGA link 7, board None, linked to chip (0, 0)
  Slice (1088:1119) on FGPA 0, FPGA link 9, board None, linked to chip (0, 0)
  Slice (1120:1151) on FGPA 0, FPGA link 11, board None, linked to chip (0, 0)
  Slice (1120:1151) on FGPA 0, FPGA link 13, board None, linked to chip (0, 0)
  Slice (1120:1151) on FGPA 0, FPGA link 15, board None, linked to chip (0, 0)
  Slice (1120:1151) on FGPA 0, FPGA link 1, board None, linked to chip (0, 0)
  Slice (1120:1151) on FGPA 0, FPGA link 3, board None, linked to chip (0, 0)
  Slice (1120:1151) on FGPA 0, FPGA link 5, board None, linked to chip (0, 0)
  Slice (1120:1151) on FGPA 0, FPGA link 7, board None, linked to chip (0, 0)
  Slice (1120:1151) on FGPA 0, FPGA link 9, board None, linked to chip (0, 0)
  Slice (1152:1183) on FGPA 0, FPGA link 11, board None, linked to chip (0, 0)
  Slice (1152:1183) on FGPA 0, FPGA link 13, board None, linked to chip (0, 0)
  Slice (1152:1183) on FGPA 0, FPGA link 15, board None, linked to chip (0, 0)
  Slice (1152:1183) on FGPA 0, FPGA link 1, board None, linked to chip (0, 0)
  Slice (1152:1183) on FGPA 0, FPGA link 3, board None, linked to chip (0, 0)
  Slice (1152:1183) on FGPA 0, FPGA link 5, board None, linked to chip (0, 0)
  Slice (1152:1183) on FGPA 0, FPGA link 7, board None, linked to chip (0, 0)
  Slice (1152:1183) on FGPA 0, FPGA link 9, board None, linked to chip (0, 0)
  Slice (1184:1215) on FGPA 0, FPGA link 11, board None, linked to chip (0, 0)
  Slice (1184:1215) on FGPA 0, FPGA link 13, board None, linked to chip (0, 0)
  Slice (1184:1215) on FGPA 0, FPGA link 15, board None, linked to chip (0, 0)
  Slice (1184:1215) on FGPA 0, FPGA link 1, board None, linked to chip (0, 0)
  Slice (1184:1215) on FGPA 0, FPGA link 3, board None, linked to chip (0, 0)
  Slice (1184:1215) on FGPA 0, FPGA link 5, board None, linked to chip (0, 0)
  Slice (1184:1215) on FGPA 0, FPGA link 7, board None, linked to chip (0, 0)
  Slice (1184:1215) on FGPA 0, FPGA link 9, board None, linked to chip (0, 0)
  Slice (1216:1247) on FGPA 0, FPGA link 11, board None, linked to chip (0, 0)
  Slice (1216:1247) on FGPA 0, FPGA link 13, board None, linked to chip (0, 0)
  Slice (1216:1247) on FGPA 0, FPGA link 15, board None, linked to chip (0, 0)
  Slice (1216:1247) on FGPA 0, FPGA link 1, board None, linked to chip (0, 0)
  Slice (1216:1247) on FGPA 0, FPGA link 3, board None, linked to chip (0, 0)
  Slice (1216:1247) on FGPA 0, FPGA link 5, board None, linked to chip (0, 0)
  Slice (1216:1247) on FGPA 0, FPGA link 7, board None, linked to chip (0, 0)
  Slice (1216:1247) on FGPA 0, FPGA link 9, board None, linked to chip (0, 0)
  Slice (1248:1279) on FGPA 0, FPGA link 11, board None, linked to chip (0, 0)
  Slice (1248:1279) on FGPA 0, FPGA link 13, board None, linked to chip (0, 0)
  Slice (1248:1279) on FGPA 0, FPGA link 15, board None, linked to chip (0, 0)
  Slice (1248:1279) on FGPA 0, FPGA link 1, board None, linked to chip (0, 0)
  Slice (1248:1279) on FGPA 0, FPGA link 3, board None, linked to chip (0, 0)
  Slice (1248:1279) on FGPA 0, FPGA link 5, board None, linked to chip (0, 0)
  Slice (1248:1279) on FGPA 0, FPGA link 7, board None, linked to chip (0, 0)
  Slice (1248:1279) on FGPA 0, FPGA link 9, board None, linked to chip (0, 0)
  Slice (1280:1311) on FGPA 0, FPGA link 11, board None, linked to chip (0, 0)
  Slice (1280:1311) on FGPA 0, FPGA link 13, board None, linked to chip (0, 0)
  Slice (1280:1311) on FGPA 0, FPGA link 15, board None, linked to chip (0, 0)
  Slice (1280:1311) on FGPA 0, FPGA link 1, board None, linked to chip (0, 0)
  Slice (1280:1311) on FGPA 0, FPGA link 3, board None, linked to chip (0, 0)
  Slice (1280:1311) on FGPA 0, FPGA link 5, board None, linked to chip (0, 0)
  Slice (1280:1311) on FGPA 0, FPGA link 7, board None, linked to chip (0, 0)
  Slice (1280:1311) on FGPA 0, FPGA link 9, board None, linked to chip (0, 0)
  Slice (1312:1343) on FGPA 0, FPGA link 11, board None, linked to chip (0, 0)
  Slice (1312:1343) on FGPA 0, FPGA link 13, board None, linked to chip (0, 0)
  Slice (1312:1343) on FGPA 0, FPGA link 15, board None, linked to chip (0, 0)
  Slice (1312:1343) on FGPA 0, FPGA link 1, board None, linked to chip (0, 0)
  Slice (1312:1343) on FGPA 0, FPGA link 3, board None, linked to chip (0, 0)
  Slice (1312:1343) on FGPA 0, FPGA link 5, board None, linked to chip (0, 0)
  Slice (1312:1343) on FGPA 0, FPGA link 7, board None, linked to chip (0, 0)
  Slice (1312:1343) on FGPA 0, FPGA link 9, board None, linked to chip (0, 0)
  Slice (1344:1375) on FGPA 0, FPGA link 11, board None, linked to chip (0, 0)
  Slice (1344:1375) on FGPA 0, FPGA link 13, board None, linked to chip (0, 0)
  Slice (1344:1375) on FGPA 0, FPGA link 15, board None, linked to chip (0, 0)
  Slice (1344:1375) on FGPA 0, FPGA link 1, board None, linked to chip (0, 0)
  Slice (1344:1375) on FGPA 0, FPGA link 3, board None, linked to chip (0, 0)
  Slice (1344:1375) on FGPA 0, FPGA link 5, board None, linked to chip (0, 0)
  Slice (1344:1375) on FGPA 0, FPGA link 7, board None, linked to chip (0, 0)
  Slice (1344:1375) on FGPA 0, FPGA link 9, board None, linked to chip (0, 0)
  Slice (1376:1407) on FGPA 0, FPGA link 11, board None, linked to chip (0, 0)
  Slice (1376:1407) on FGPA 0, FPGA link 13, board None, linked to chip (0, 0)
  Slice (1376:1407) on FGPA 0, FPGA link 15, board None, linked to chip (0, 0)
  Slice (1376:1407) on FGPA 0, FPGA link 1, board None, linked to chip (0, 0)
  Slice (1376:1407) on FGPA 0, FPGA link 3, board None, linked to chip (0, 0)
  Slice (1376:1407) on FGPA 0, FPGA link 5, board None, linked to chip (0, 0)
  Slice (1376:1407) on FGPA 0, FPGA link 7, board None, linked to chip (0, 0)
  Slice (1376:1407) on FGPA 0, FPGA link 9, board None, linked to chip (0, 0)
  Slice (1408:1439) on FGPA 0, FPGA link 11, board None, linked to chip (0, 0)
  Slice (1408:1439) on FGPA 0, FPGA link 13, board None, linked to chip (0, 0)
  Slice (1408:1439) on FGPA 0, FPGA link 15, board None, linked to chip (0, 0)
  Slice (1408:1439) on FGPA 0, FPGA link 1, board None, linked to chip (0, 0)
  Slice (1408:1439) on FGPA 0, FPGA link 3, board None, linked to chip (0, 0)
  Slice (1408:1439) on FGPA 0, FPGA link 5, board None, linked to chip (0, 0)
  Slice (1408:1439) on FGPA 0, FPGA link 7, board None, linked to chip (0, 0)
  Slice (1408:1439) on FGPA 0, FPGA link 9, board None, linked to chip (0, 0)
  Slice (1440:1471) on FGPA 0, FPGA link 11, board None, linked to chip (0, 0)
  Slice (1440:1471) on FGPA 0, FPGA link 13, board None, linked to chip (0, 0)
  Slice (1440:1471) on FGPA 0, FPGA link 15, board None, linked to chip (0, 0)
  Slice (1440:1471) on FGPA 0, FPGA link 1, board None, linked to chip (0, 0)
  Slice (1440:1471) on FGPA 0, FPGA link 3, board None, linked to chip (0, 0)
  Slice (1440:1471) on FGPA 0, FPGA link 5, board None, linked to chip (0, 0)
  Slice (1440:1471) on FGPA 0, FPGA link 7, board None, linked to chip (0, 0)
  Slice (1440:1471) on FGPA 0, FPGA link 9, board None, linked to chip (0, 0)
  Slice (1472:1503) on FGPA 0, FPGA link 11, board None, linked to chip (0, 0)
  Slice (1472:1503) on FGPA 0, FPGA link 13, board None, linked to chip (0, 0)
  Slice (1472:1503) on FGPA 0, FPGA link 15, board None, linked to chip (0, 0)
  Slice (1472:1503) on FGPA 0, FPGA link 1, board None, linked to chip (0, 0)
  Slice (1472:1503) on FGPA 0, FPGA link 3, board None, linked to chip (0, 0)
  Slice (1472:1503) on FGPA 0, FPGA link 5, board None, linked to chip (0, 0)
  Slice (1472:1503) on FGPA 0, FPGA link 7, board None, linked to chip (0, 0)
  Slice (1472:1503) on FGPA 0, FPGA link 9, board None, linked to chip (0, 0)
  Slice (1504:1535) on FGPA 0, FPGA link 11, board None, linked to chip (0, 0)
  Slice (1504:1535) on FGPA 0, FPGA link 13, board None, linked to chip (0, 0)
  Slice (1504:1535) on FGPA 0, FPGA link 15, board None, linked to chip (0, 0)
  Slice (1504:1535) on FGPA 0, FPGA link 1, board None, linked to chip (0, 0)
  Slice (1504:1535) on FGPA 0, FPGA link 3, board None, linked to chip (0, 0)
  Slice (1504:1535) on FGPA 0, FPGA link 5, board None, linked to chip (0, 0)
  Slice (1504:1535) on FGPA 0, FPGA link 7, board None, linked to chip (0, 0)
  Slice (1504:1535) on FGPA 0, FPGA link 9, board None, linked to chip (0, 0)
  Slice (1536:1567) on FGPA 0, FPGA link 11, board None, linked to chip (0, 0)
  Slice (1536:1567) on FGPA 0, FPGA link 13, board None, linked to chip (0, 0)
  Slice (1536:1567) on FGPA 0, FPGA link 15, board None, linked to chip (0, 0)
  Slice (1536:1567) on FGPA 0, FPGA link 1, board None, linked to chip (0, 0)
  Slice (1536:1567) on FGPA 0, FPGA link 3, board None, linked to chip (0, 0)
  Slice (1536:1567) on FGPA 0, FPGA link 5, board None, linked to chip (0, 0)
  Slice (1536:1567) on FGPA 0, FPGA link 7, board None, linked to chip (0, 0)
  Slice (1536:1567) on FGPA 0, FPGA link 9, board None, linked to chip (0, 0)
  Slice (1568:1599) on FGPA 0, FPGA link 11, board None, linked to chip (0, 0)
  Slice (1568:1599) on FGPA 0, FPGA link 13, board None, linked to chip (0, 0)
  Slice (1568:1599) on FGPA 0, FPGA link 15, board None, linked to chip (0, 0)
  Slice (1568:1599) on FGPA 0, FPGA link 1, board None, linked to chip (0, 0)
  Slice (1568:1599) on FGPA 0, FPGA link 3, board None, linked to chip (0, 0)
  Slice (1568:1599) on FGPA 0, FPGA link 5, board None, linked to chip (0, 0)
  Slice (1568:1599) on FGPA 0, FPGA link 7, board None, linked to chip (0, 0)
  Slice (1568:1599) on FGPA 0, FPGA link 9, board None, linked to chip (0, 0)
  Slice (1600:1631) on FGPA 0, FPGA link 11, board None, linked to chip (0, 0)
  Slice (1600:1631) on FGPA 0, FPGA link 13, board None, linked to chip (0, 0)
  Slice (1600:1631) on FGPA 0, FPGA link 15, board None, linked to chip (0, 0)
  Slice (1600:1631) on FGPA 0, FPGA link 1, board None, linked to chip (0, 0)
  Slice (1600:1631) on FGPA 0, FPGA link 3, board None, linked to chip (0, 0)
  Slice (1600:1631) on FGPA 0, FPGA link 5, board None, linked to chip (0, 0)
  Slice (1600:1631) on FGPA 0, FPGA link 7, board None, linked to chip (0, 0)
  Slice (1600:1631) on FGPA 0, FPGA link 9, board None, linked to chip (0, 0)
  Slice (1632:1663) on FGPA 0, FPGA link 11, board None, linked to chip (0, 0)
  Slice (1632:1663) on FGPA 0, FPGA link 13, board None, linked to chip (0, 0)
  Slice (1632:1663) on FGPA 0, FPGA link 15, board None, linked to chip (0, 0)
  Slice (1632:1663) on FGPA 0, FPGA link 1, board None, linked to chip (0, 0)
  Slice (1632:1663) on FGPA 0, FPGA link 3, board None, linked to chip (0, 0)
  Slice (1632:1663) on FGPA 0, FPGA link 5, board None, linked to chip (0, 0)
  Slice (1632:1663) on FGPA 0, FPGA link 7, board None, linked to chip (0, 0)
  Slice (1632:1663) on FGPA 0, FPGA link 9, board None, linked to chip (0, 0)
  Slice (1664:1695) on FGPA 0, FPGA link 11, board None, linked to chip (0, 0)
  Slice (1664:1695) on FGPA 0, FPGA link 13, board None, linked to chip (0, 0)
  Slice (1664:1695) on FGPA 0, FPGA link 15, board None, linked to chip (0, 0)
  Slice (1664:1695) on FGPA 0, FPGA link 1, board None, linked to chip (0, 0)
  Slice (1664:1695) on FGPA 0, FPGA link 3, board None, linked to chip (0, 0)
  Slice (1664:1695) on FGPA 0, FPGA link 5, board None, linked to chip (0, 0)
  Slice (1664:1695) on FGPA 0, FPGA link 7, board None, linked to chip (0, 0)
  Slice (1664:1695) on FGPA 0, FPGA link 9, board None, linked to chip (0, 0)
  Slice (1696:1727) on FGPA 0, FPGA link 11, board None, linked to chip (0, 0)
  Slice (1696:1727) on FGPA 0, FPGA link 13, board None, linked to chip (0, 0)
  Slice (1696:1727) on FGPA 0, FPGA link 15, board None, linked to chip (0, 0)
  Slice (1696:1727) on FGPA 0, FPGA link 1, board None, linked to chip (0, 0)
  Slice (1696:1727) on FGPA 0, FPGA link 3, board None, linked to chip (0, 0)
  Slice (1696:1727) on FGPA 0, FPGA link 5, board None, linked to chip (0, 0)
  Slice (1696:1727) on FGPA 0, FPGA link 7, board None, linked to chip (0, 0)
  Slice (1696:1727) on FGPA 0, FPGA link 9, board None, linked to chip (0, 0)
  Slice (1728:1759) on FGPA 0, FPGA link 11, board None, linked to chip (0, 0)
  Slice (1728:1759) on FGPA 0, FPGA link 13, board None, linked to chip (0, 0)
  Slice (1728:1759) on FGPA 0, FPGA link 15, board None, linked to chip (0, 0)
  Slice (1728:1759) on FGPA 0, FPGA link 1, board None, linked to chip (0, 0)
  Slice (1728:1759) on FGPA 0, FPGA link 3, board None, linked to chip (0, 0)
  Slice (1728:1759) on FGPA 0, FPGA link 5, board None, linked to chip (0, 0)
  Slice (1728:1759) on FGPA 0, FPGA link 7, board None, linked to chip (0, 0)
  Slice (1728:1759) on FGPA 0, FPGA link 9, board None, linked to chip (0, 0)
  Slice (1760:1791) on FGPA 0, FPGA link 11, board None, linked to chip (0, 0)
  Slice (1760:1791) on FGPA 0, FPGA link 13, board None, linked to chip (0, 0)
  Slice (1760:1791) on FGPA 0, FPGA link 15, board None, linked to chip (0, 0)
  Slice (1760:1791) on FGPA 0, FPGA link 1, board None, linked to chip (0, 0)
  Slice (1760:1791) on FGPA 0, FPGA link 3, board None, linked to chip (0, 0)
  Slice (1760:1791) on FGPA 0, FPGA link 5, board None, linked to chip (0, 0)
  Slice (1760:1791) on FGPA 0, FPGA link 7, board None, linked to chip (0, 0)
  Slice (1760:1791) on FGPA 0, FPGA link 9, board None, linked to chip (0, 0)
  Slice (1792:1823) on FGPA 0, FPGA link 11, board None, linked to chip (0, 0)
  Slice (1792:1823) on FGPA 0, FPGA link 13, board None, linked to chip (0, 0)
  Slice (1792:1823) on FGPA 0, FPGA link 15, board None, linked to chip (0, 0)
  Slice (1792:1823) on FGPA 0, FPGA link 1, board None, linked to chip (0, 0)
  Slice (1792:1823) on FGPA 0, FPGA link 3, board None, linked to chip (0, 0)
  Slice (1792:1823) on FGPA 0, FPGA link 5, board None, linked to chip (0, 0)
  Slice (1792:1823) on FGPA 0, FPGA link 7, board None, linked to chip (0, 0)
  Slice (1792:1823) on FGPA 0, FPGA link 9, board None, linked to chip (0, 0)
  Slice (1824:1855) on FGPA 0, FPGA link 11, board None, linked to chip (0, 0)
  Slice (1824:1855) on FGPA 0, FPGA link 13, board None, linked to chip (0, 0)
  Slice (1824:1855) on FGPA 0, FPGA link 15, board None, linked to chip (0, 0)
  Slice (1824:1855) on FGPA 0, FPGA link 1, board None, linked to chip (0, 0)
  Slice (1824:1855) on FGPA 0, FPGA link 3, board None, linked to chip (0, 0)
  Slice (1824:1855) on FGPA 0, FPGA link 5, board None, linked to chip (0, 0)
  Slice (1824:1855) on FGPA 0, FPGA link 7, board None, linked to chip (0, 0)
  Slice (1824:1855) on FGPA 0, FPGA link 9, board None, linked to chip (0, 0)
  Slice (1856:1887) on FGPA 0, FPGA link 11, board None, linked to chip (0, 0)
  Slice (1856:1887) on FGPA 0, FPGA link 13, board None, linked to chip (0, 0)
  Slice (1856:1887) on FGPA 0, FPGA link 15, board None, linked to chip (0, 0)
  Slice (1856:1887) on FGPA 0, FPGA link 1, board None, linked to chip (0, 0)
  Slice (1856:1887) on FGPA 0, FPGA link 3, board None, linked to chip (0, 0)
  Slice (1856:1887) on FGPA 0, FPGA link 5, board None, linked to chip (0, 0)
  Slice (1856:1887) on FGPA 0, FPGA link 7, board None, linked to chip (0, 0)
  Slice (1856:1887) on FGPA 0, FPGA link 9, board None, linked to chip (0, 0)
  Slice (1888:1919) on FGPA 0, FPGA link 11, board None, linked to chip (0, 0)
  Slice (1888:1919) on FGPA 0, FPGA link 13, board None, linked to chip (0, 0)
  Slice (1888:1919) on FGPA 0, FPGA link 15, board None, linked to chip (0, 0)
  Slice (1888:1919) on FGPA 0, FPGA link 1, board None, linked to chip (0, 0)
  Slice (1888:1919) on FGPA 0, FPGA link 3, board None, linked to chip (0, 0)
  Slice (1888:1919) on FGPA 0, FPGA link 5, board None, linked to chip (0, 0)
  Slice (1888:1919) on FGPA 0, FPGA link 7, board None, linked to chip (0, 0)
  Slice (1888:1919) on FGPA 0, FPGA link 9, board None, linked to chip (0, 0)
  Slice (1920:1951) on FGPA 0, FPGA link 11, board None, linked to chip (0, 0)
  Slice (1920:1951) on FGPA 0, FPGA link 13, board None, linked to chip (0, 0)
  Slice (1920:1951) on FGPA 0, FPGA link 15, board None, linked to chip (0, 0)
  Slice (1920:1951) on FGPA 0, FPGA link 1, board None, linked to chip (0, 0)
  Slice (1920:1951) on FGPA 0, FPGA link 3, board None, linked to chip (0, 0)
  Slice (1920:1951) on FGPA 0, FPGA link 5, board None, linked to chip (0, 0)
  Slice (1920:1951) on FGPA 0, FPGA link 7, board None, linked to chip (0, 0)
  Slice (1920:1951) on FGPA 0, FPGA link 9, board None, linked to chip (0, 0)
  Slice (1952:1983) on FGPA 0, FPGA link 11, board None, linked to chip (0, 0)
  Slice (1952:1983) on FGPA 0, FPGA link 13, board None, linked to chip (0, 0)
  Slice (1952:1983) on FGPA 0, FPGA link 15, board None, linked to chip (0, 0)
  Slice (1952:1983) on FGPA 0, FPGA link 1, board None, linked to chip (0, 0)
  Slice (1952:1983) on FGPA 0, FPGA link 3, board None, linked to chip (0, 0)
  Slice (1952:1983) on FGPA 0, FPGA link 5, board None, linked to chip (0, 0)
  Slice (1952:1983) on FGPA 0, FPGA link 7, board None, linked to chip (0, 0)
  Slice (1952:1983) on FGPA 0, FPGA link 9, board None, linked to chip (0, 0)
  Slice (1984:2015) on FGPA 0, FPGA link 11, board None, linked to chip (0, 0)
  Slice (1984:2015) on FGPA 0, FPGA link 13, board None, linked to chip (0, 0)
  Slice (1984:2015) on FGPA 0, FPGA link 15, board None, linked to chip (0, 0)
  Slice (1984:2015) on FGPA 0, FPGA link 1, board None, linked to chip (0, 0)
  Slice (1984:2015) on FGPA 0, FPGA link 3, board None, linked to chip (0, 0)
  Slice (1984:2015) on FGPA 0, FPGA link 5, board None, linked to chip (0, 0)
  Slice (1984:2015) on FGPA 0, FPGA link 7, board None, linked to chip (0, 0)
  Slice (1984:2015) on FGPA 0, FPGA link 9, board None, linked to chip (0, 0)
  Slice (2016:2047) on FGPA 0, FPGA link 11, board None, linked to chip (0, 0)
  Slice (2016:2047) on FGPA 0, FPGA link 13, board None, linked to chip (0, 0)
  Slice (2016:2047) on FGPA 0, FPGA link 15, board None, linked to chip (0, 0)
  Slice (2016:2047) on FGPA 0, FPGA link 1, board None, linked to chip (0, 0)
  Slice (2016:2047) on FGPA 0, FPGA link 3, board None, linked to chip (0, 0)
  Slice (2016:2047) on FGPA 0, FPGA link 5, board None, linked to chip (0, 0)
  Slice (2016:2047) on FGPA 0, FPGA link 7, board None, linked to chip (0, 0)
  Slice (2016:2047) on FGPA 0, FPGA link 9, board None, linked to chip (0, 0)
  Slice (2048:2079) on FGPA 0, FPGA link 11, board None, linked to chip (0, 0)
  Slice (2048:2079) on FGPA 0, FPGA link 13, board None, linked to chip (0, 0)
  Slice (2048:2079) on FGPA 0, FPGA link 15, board None, linked to chip (0, 0)
  Slice (2048:2079) on FGPA 0, FPGA link 1, board None, linked to chip (0, 0)
  Slice (2048:2079) on FGPA 0, FPGA link 3, board None, linked to chip (0, 0)
  Slice (2048:2079) on FGPA 0, FPGA link 5, board None, linked to chip (0, 0)
  Slice (2048:2079) on FGPA 0, FPGA link 7, board None, linked to chip (0, 0)
  Slice (2048:2079) on FGPA 0, FPGA link 9, board None, linked to chip (0, 0)
  Slice (2080:2111) on FGPA 0, FPGA link 11, board None, linked to chip (0, 0)
  Slice (2080:2111) on FGPA 0, FPGA link 13, board None, linked to chip (0, 0)
  Slice (2080:2111) on FGPA 0, FPGA link 15, board None, linked to chip (0, 0)
  Slice (2080:2111) on FGPA 0, FPGA link 1, board None, linked to chip (0, 0)
  Slice (2080:2111) on FGPA 0, FPGA link 3, board None, linked to chip (0, 0)
  Slice (2080:2111) on FGPA 0, FPGA link 5, board None, linked to chip (0, 0)
  Slice (2080:2111) on FGPA 0, FPGA link 7, board None, linked to chip (0, 0)
  Slice (2080:2111) on FGPA 0, FPGA link 9, board None, linked to chip (0, 0)
  Slice (2112:2143) on FGPA 0, FPGA link 11, board None, linked to chip (0, 0)
  Slice (2112:2143) on FGPA 0, FPGA link 13, board None, linked to chip (0, 0)
  Slice (2112:2143) on FGPA 0, FPGA link 15, board None, linked to chip (0, 0)
  Slice (2112:2143) on FGPA 0, FPGA link 1, board None, linked to chip (0, 0)
  Slice (2112:2143) on FGPA 0, FPGA link 3, board None, linked to chip (0, 0)
  Slice (2112:2143) on FGPA 0, FPGA link 5, board None, linked to chip (0, 0)
  Slice (2112:2143) on FGPA 0, FPGA link 7, board None, linked to chip (0, 0)
  Slice (2112:2143) on FGPA 0, FPGA link 9, board None, linked to chip (0, 0)
  Slice (2144:2175) on FGPA 0, FPGA link 11, board None, linked to chip (0, 0)
  Slice (2144:2175) on FGPA 0, FPGA link 13, board None, linked to chip (0, 0)
  Slice (2144:2175) on FGPA 0, FPGA link 15, board None, linked to chip (0, 0)
  Slice (2144:2175) on FGPA 0, FPGA link 1, board None, linked to chip (0, 0)
  Slice (2144:2175) on FGPA 0, FPGA link 3, board None, linked to chip (0, 0)
  Slice (2144:2175) on FGPA 0, FPGA link 5, board None, linked to chip (0, 0)
  Slice (2144:2175) on FGPA 0, FPGA link 7, board None, linked to chip (0, 0)
  Slice (2144:2175) on FGPA 0, FPGA link 9, board None, linked to chip (0, 0)
  Slice (2176:2207) on FGPA 0, FPGA link 11, board None, linked to chip (0, 0)
  Slice (2176:2207) on FGPA 0, FPGA link 13, board None, linked to chip (0, 0)
  Slice (2176:2207) on FGPA 0, FPGA link 15, board None, linked to chip (0, 0)
  Slice (2176:2207) on FGPA 0, FPGA link 1, board None, linked to chip (0, 0)
  Slice (2176:2207) on FGPA 0, FPGA link 3, board None, linked to chip (0, 0)
  Slice (2176:2207) on FGPA 0, FPGA link 5, board None, linked to chip (0, 0)
  Slice (2176:2207) on FGPA 0, FPGA link 7, board None, linked to chip (0, 0)
  Slice (2176:2207) on FGPA 0, FPGA link 9, board None, linked to chip (0, 0)
  Slice (2208:2239) on FGPA 0, FPGA link 11, board None, linked to chip (0, 0)
  Slice (2208:2239) on FGPA 0, FPGA link 13, board None, linked to chip (0, 0)
  Slice (2208:2239) on FGPA 0, FPGA link 15, board None, linked to chip (0, 0)
  Slice (2208:2239) on FGPA 0, FPGA link 1, board None, linked to chip (0, 0)
  Slice (2208:2239) on FGPA 0, FPGA link 3, board None, linked to chip (0, 0)
  Slice (2208:2239) on FGPA 0, FPGA link 5, board None, linked to chip (0, 0)
  Slice (2208:2239) on FGPA 0, FPGA link 7, board None, linked to chip (0, 0)
  Slice (2208:2239) on FGPA 0, FPGA link 9, board None, linked to chip (0, 0)
  Slice (2240:2271) on FGPA 0, FPGA link 11, board None, linked to chip (0, 0)
  Slice (2240:2271) on FGPA 0, FPGA link 13, board None, linked to chip (0, 0)
  Slice (2240:2271) on FGPA 0, FPGA link 15, board None, linked to chip (0, 0)
  Slice (2240:2271) on FGPA 0, FPGA link 1, board None, linked to chip (0, 0)
  Slice (2240:2271) on FGPA 0, FPGA link 3, board None, linked to chip (0, 0)
  Slice (2240:2271) on FGPA 0, FPGA link 5, board None, linked to chip (0, 0)
  Slice (2240:2271) on FGPA 0, FPGA link 7, board None, linked to chip (0, 0)
  Slice (2240:2271) on FGPA 0, FPGA link 9, board None, linked to chip (0, 0)
  Slice (2272:2303) on FGPA 0, FPGA link 11, board None, linked to chip (0, 0)
  Slice (2272:2303) on FGPA 0, FPGA link 13, board None, linked to chip (0, 0)
  Slice (2272:2303) on FGPA 0, FPGA link 15, board None, linked to chip (0, 0)
  Slice (2272:2303) on FGPA 0, FPGA link 1, board None, linked to chip (0, 0)
  Slice (2272:2303) on FGPA 0, FPGA link 3, board None, linked to chip (0, 0)
  Slice (2272:2303) on FGPA 0, FPGA link 5, board None, linked to chip (0, 0)
  Slice (2272:2303) on FGPA 0, FPGA link 7, board None, linked to chip (0, 0)
  Slice (2272:2303) on FGPA 0, FPGA link 9, board None, linked to chip (0, 0)
  Slice (2304:2335) on FGPA 0, FPGA link 11, board None, linked to chip (0, 0)
  Slice (2304:2335) on FGPA 0, FPGA link 13, board None, linked to chip (0, 0)
  Slice (2304:2335) on FGPA 0, FPGA link 15, board None, linked to chip (0, 0)
  Slice (2304:2335) on FGPA 0, FPGA link 1, board None, linked to chip (0, 0)
  Slice (2304:2335) on FGPA 0, FPGA link 3, board None, linked to chip (0, 0)
  Slice (2304:2335) on FGPA 0, FPGA link 5, board None, linked to chip (0, 0)
  Slice (2304:2335) on FGPA 0, FPGA link 7, board None, linked to chip (0, 0)
  Slice (2304:2335) on FGPA 0, FPGA link 9, board None, linked to chip (0, 0)
  Slice (2336:2367) on FGPA 0, FPGA link 11, board None, linked to chip (0, 0)
  Slice (2336:2367) on FGPA 0, FPGA link 13, board None, linked to chip (0, 0)
  Slice (2336:2367) on FGPA 0, FPGA link 15, board None, linked to chip (0, 0)
  Slice (2336:2367) on FGPA 0, FPGA link 1, board None, linked to chip (0, 0)
  Slice (2336:2367) on FGPA 0, FPGA link 3, board None, linked to chip (0, 0)
  Slice (2336:2367) on FGPA 0, FPGA link 5, board None, linked to chip (0, 0)
  Slice (2336:2367) on FGPA 0, FPGA link 7, board None, linked to chip (0, 0)
  Slice (2336:2367) on FGPA 0, FPGA link 9, board None, linked to chip (0, 0)
  Slice (2368:2399) on FGPA 0, FPGA link 11, board None, linked to chip (0, 0)
  Slice (2368:2399) on FGPA 0, FPGA link 13, board None, linked to chip (0, 0)
  Slice (2368:2399) on FGPA 0, FPGA link 15, board None, linked to chip (0, 0)
  Slice (2368:2399) on FGPA 0, FPGA link 1, board None, linked to chip (0, 0)
  Slice (2368:2399) on FGPA 0, FPGA link 3, board None, linked to chip (0, 0)
  Slice (2368:2399) on FGPA 0, FPGA link 5, board None, linked to chip (0, 0)
  Slice (2368:2399) on FGPA 0, FPGA link 7, board None, linked to chip (0, 0)
  Slice (2368:2399) on FGPA 0, FPGA link 9, board None, linked to chip (0, 0)
  Slice (2400:2431) on FGPA 0, FPGA link 11, board None, linked to chip (0, 0)
  Slice (2400:2431) on FGPA 0, FPGA link 13, board None, linked to chip (0, 0)
  Slice (2400:2431) on FGPA 0, FPGA link 15, board None, linked to chip (0, 0)
  Slice (2400:2431) on FGPA 0, FPGA link 1, board None, linked to chip (0, 0)
  Slice (2400:2431) on FGPA 0, FPGA link 3, board None, linked to chip (0, 0)
  Slice (2400:2431) on FGPA 0, FPGA link 5, board None, linked to chip (0, 0)
  Slice (2400:2431) on FGPA 0, FPGA link 7, board None, linked to chip (0, 0)
  Slice (2400:2431) on FGPA 0, FPGA link 9, board None, linked to chip (0, 0)
  Slice (2432:2463) on FGPA 0, FPGA link 11, board None, linked to chip (0, 0)
  Slice (2432:2463) on FGPA 0, FPGA link 13, board None, linked to chip (0, 0)
  Slice (2432:2463) on FGPA 0, FPGA link 15, board None, linked to chip (0, 0)
  Slice (2432:2463) on FGPA 0, FPGA link 1, board None, linked to chip (0, 0)
  Slice (2432:2463) on FGPA 0, FPGA link 3, board None, linked to chip (0, 0)
  Slice (2432:2463) on FGPA 0, FPGA link 5, board None, linked to chip (0, 0)
  Slice (2432:2463) on FGPA 0, FPGA link 7, board None, linked to chip (0, 0)
  Slice (2432:2463) on FGPA 0, FPGA link 9, board None, linked to chip (0, 0)
  Slice (2464:2495) on FGPA 0, FPGA link 11, board None, linked to chip (0, 0)
  Slice (2464:2495) on FGPA 0, FPGA link 13, board None, linked to chip (0, 0)
  Slice (2464:2495) on FGPA 0, FPGA link 15, board None, linked to chip (0, 0)
  Slice (2464:2495) on FGPA 0, FPGA link 1, board None, linked to chip (0, 0)
  Slice (2464:2495) on FGPA 0, FPGA link 3, board None, linked to chip (0, 0)
  Slice (2464:2495) on FGPA 0, FPGA link 5, board None, linked to chip (0, 0)
  Slice (2464:2495) on FGPA 0, FPGA link 7, board None, linked to chip (0, 0)
  Slice (2464:2495) on FGPA 0, FPGA link 9, board None, linked to chip (0, 0)
  Slice (2496:2527) on FGPA 0, FPGA link 11, board None, linked to chip (0, 0)
  Slice (2496:2527) on FGPA 0, FPGA link 13, board None, linked to chip (0, 0)
  Slice (2496:2527) on FGPA 0, FPGA link 15, board None, linked to chip (0, 0)
  Slice (2496:2527) on FGPA 0, FPGA link 1, board None, linked to chip (0, 0)
  Slice (2496:2527) on FGPA 0, FPGA link 3, board None, linked to chip (0, 0)
  Slice (2496:2527) on FGPA 0, FPGA link 5, board None, linked to chip (0, 0)
  Slice (2496:2527) on FGPA 0, FPGA link 7, board None, linked to chip (0, 0)
  Slice (2496:2527) on FGPA 0, FPGA link 9, board None, linked to chip (0, 0)
  Slice (2528:2559) on FGPA 0, FPGA link 11, board None, linked to chip (0, 0)
  Slice (2528:2559) on FGPA 0, FPGA link 13, board None, linked to chip (0, 0)
  Slice (2528:2559) on FGPA 0, FPGA link 15, board None, linked to chip (0, 0)
  Slice (2528:2559) on FGPA 0, FPGA link 1, board None, linked to chip (0, 0)
  Slice (2528:2559) on FGPA 0, FPGA link 3, board None, linked to chip (0, 0)
  Slice (2528:2559) on FGPA 0, FPGA link 5, board None, linked to chip (0, 0)
  Slice (2528:2559) on FGPA 0, FPGA link 7, board None, linked to chip (0, 0)
  Slice (2528:2559) on FGPA 0, FPGA link 9, board None, linked to chip (0, 0)
  Slice (2560:2591) on FGPA 0, FPGA link 11, board None, linked to chip (0, 0)
  Slice (2560:2591) on FGPA 0, FPGA link 13, board None, linked to chip (0, 0)
  Slice (2560:2591) on FGPA 0, FPGA link 15, board None, linked to chip (0, 0)
  Slice (2560:2591) on FGPA 0, FPGA link 1, board None, linked to chip (0, 0)
  Slice (2560:2591) on FGPA 0, FPGA link 3, board None, linked to chip (0, 0)
  Slice (2560:2591) on FGPA 0, FPGA link 5, board None, linked to chip (0, 0)
  Slice (2560:2591) on FGPA 0, FPGA link 7, board None, linked to chip (0, 0)
  Slice (2560:2591) on FGPA 0, FPGA link 9, board None, linked to chip (0, 0)
  Slice (2592:2623) on FGPA 0, FPGA link 11, board None, linked to chip (0, 0)
  Slice (2592:2623) on FGPA 0, FPGA link 13, board None, linked to chip (0, 0)
  Slice (2592:2623) on FGPA 0, FPGA link 15, board None, linked to chip (0, 0)
  Slice (2592:2623) on FGPA 0, FPGA link 1, board None, linked to chip (0, 0)
  Slice (2592:2623) on FGPA 0, FPGA link 3, board None, linked to chip (0, 0)
  Slice (2592:2623) on FGPA 0, FPGA link 5, board None, linked to chip (0, 0)
  Slice (2592:2623) on FGPA 0, FPGA link 7, board None, linked to chip (0, 0)
  Slice (2592:2623) on FGPA 0, FPGA link 9, board None, linked to chip (0, 0)
  Slice (2624:2655) on FGPA 0, FPGA link 11, board None, linked to chip (0, 0)
  Slice (2624:2655) on FGPA 0, FPGA link 13, board None, linked to chip (0, 0)
  Slice (2624:2655) on FGPA 0, FPGA link 15, board None, linked to chip (0, 0)
  Slice (2624:2655) on FGPA 0, FPGA link 1, board None, linked to chip (0, 0)
  Slice (2624:2655) on FGPA 0, FPGA link 3, board None, linked to chip (0, 0)
  Slice (2624:2655) on FGPA 0, FPGA link 5, board None, linked to chip (0, 0)
  Slice (2624:2655) on FGPA 0, FPGA link 7, board None, linked to chip (0, 0)
  Slice (2624:2655) on FGPA 0, FPGA link 9, board None, linked to chip (0, 0)
  Slice (2656:2687) on FGPA 0, FPGA link 11, board None, linked to chip (0, 0)
  Slice (2656:2687) on FGPA 0, FPGA link 13, board None, linked to chip (0, 0)
  Slice (2656:2687) on FGPA 0, FPGA link 15, board None, linked to chip (0, 0)
  Slice (2656:2687) on FGPA 0, FPGA link 1, board None, linked to chip (0, 0)
  Slice (2656:2687) on FGPA 0, FPGA link 3, board None, linked to chip (0, 0)
  Slice (2656:2687) on FGPA 0, FPGA link 5, board None, linked to chip (0, 0)
  Slice (2656:2687) on FGPA 0, FPGA link 7, board None, linked to chip (0, 0)
  Slice (2656:2687) on FGPA 0, FPGA link 9, board None, linked to chip (0, 0)
  Slice (2688:2719) on FGPA 0, FPGA link 11, board None, linked to chip (0, 0)
  Slice (2688:2719) on FGPA 0, FPGA link 13, board None, linked to chip (0, 0)
  Slice (2688:2719) on FGPA 0, FPGA link 15, board None, linked to chip (0, 0)
  Slice (2688:2719) on FGPA 0, FPGA link 1, board None, linked to chip (0, 0)
  Slice (2688:2719) on FGPA 0, FPGA link 3, board None, linked to chip (0, 0)
  Slice (2688:2719) on FGPA 0, FPGA link 5, board None, linked to chip (0, 0)
  Slice (2688:2719) on FGPA 0, FPGA link 7, board None, linked to chip (0, 0)
  Slice (2688:2719) on FGPA 0, FPGA link 9, board None, linked to chip (0, 0)
  Slice (2720:2751) on FGPA 0, FPGA link 11, board None, linked to chip (0, 0)
  Slice (2720:2751) on FGPA 0, FPGA link 13, board None, linked to chip (0, 0)
  Slice (2720:2751) on FGPA 0, FPGA link 15, board None, linked to chip (0, 0)
  Slice (2720:2751) on FGPA 0, FPGA link 1, board None, linked to chip (0, 0)
  Slice (2720:2751) on FGPA 0, FPGA link 3, board None, linked to chip (0, 0)
  Slice (2720:2751) on FGPA 0, FPGA link 5, board None, linked to chip (0, 0)
  Slice (2720:2751) on FGPA 0, FPGA link 7, board None, linked to chip (0, 0)
  Slice (2720:2751) on FGPA 0, FPGA link 9, board None, linked to chip (0, 0)
  Slice (2752:2783) on FGPA 0, FPGA link 11, board None, linked to chip (0, 0)
  Slice (2752:2783) on FGPA 0, FPGA link 13, board None, linked to chip (0, 0)
  Slice (2752:2783) on FGPA 0, FPGA link 15, board None, linked to chip (0, 0)
  Slice (2752:2783) on FGPA 0, FPGA link 1, board None, linked to chip (0, 0)
  Slice (2752:2783) on FGPA 0, FPGA link 3, board None, linked to chip (0, 0)
  Slice (2752:2783) on FGPA 0, FPGA link 5, board None, linked to chip (0, 0)
  Slice (2752:2783) on FGPA 0, FPGA link 7, board None, linked to chip (0, 0)
  Slice (2752:2783) on FGPA 0, FPGA link 9, board None, linked to chip (0, 0)
  Slice (2784:2815) on FGPA 0, FPGA link 11, board None, linked to chip (0, 0)
  Slice (2784:2815) on FGPA 0, FPGA link 13, board None, linked to chip (0, 0)
  Slice (2784:2815) on FGPA 0, FPGA link 15, board None, linked to chip (0, 0)
  Slice (2784:2815) on FGPA 0, FPGA link 1, board None, linked to chip (0, 0)
  Slice (2784:2815) on FGPA 0, FPGA link 3, board None, linked to chip (0, 0)
  Slice (2784:2815) on FGPA 0, FPGA link 5, board None, linked to chip (0, 0)
  Slice (2784:2815) on FGPA 0, FPGA link 7, board None, linked to chip (0, 0)
  Slice (2784:2815) on FGPA 0, FPGA link 9, board None, linked to chip (0, 0)
  Slice (2816:2847) on FGPA 0, FPGA link 11, board None, linked to chip (0, 0)
  Slice (2816:2847) on FGPA 0, FPGA link 13, board None, linked to chip (0, 0)
  Slice (2816:2847) on FGPA 0, FPGA link 15, board None, linked to chip (0, 0)
  Slice (2816:2847) on FGPA 0, FPGA link 1, board None, linked to chip (0, 0)
  Slice (2816:2847) on FGPA 0, FPGA link 3, board None, linked to chip (0, 0)
  Slice (2816:2847) on FGPA 0, FPGA link 5, board None, linked to chip (0, 0)
  Slice (2816:2847) on FGPA 0, FPGA link 7, board None, linked to chip (0, 0)
  Slice (2816:2847) on FGPA 0, FPGA link 9, board None, linked to chip (0, 0)
  Slice (2848:2879) on FGPA 0, FPGA link 11, board None, linked to chip (0, 0)
  Slice (2848:2879) on FGPA 0, FPGA link 13, board None, linked to chip (0, 0)
  Slice (2848:2879) on FGPA 0, FPGA link 15, board None, linked to chip (0, 0)
  Slice (2848:2879) on FGPA 0, FPGA link 1, board None, linked to chip (0, 0)
  Slice (2848:2879) on FGPA 0, FPGA link 3, board None, linked to chip (0, 0)
  Slice (2848:2879) on FGPA 0, FPGA link 5, board None, linked to chip (0, 0)
  Slice (2848:2879) on FGPA 0, FPGA link 7, board None, linked to chip (0, 0)
  Slice (2848:2879) on FGPA 0, FPGA link 9, board None, linked to chip (0, 0)
  Slice (2880:2911) on FGPA 0, FPGA link 11, board None, linked to chip (0, 0)
  Slice (2880:2911) on FGPA 0, FPGA link 13, board None, linked to chip (0, 0)
  Slice (2880:2911) on FGPA 0, FPGA link 15, board None, linked to chip (0, 0)
  Slice (2880:2911) on FGPA 0, FPGA link 1, board None, linked to chip (0, 0)
  Slice (2880:2911) on FGPA 0, FPGA link 3, board None, linked to chip (0, 0)
  Slice (2880:2911) on FGPA 0, FPGA link 5, board None, linked to chip (0, 0)
  Slice (2880:2911) on FGPA 0, FPGA link 7, board None, linked to chip (0, 0)
  Slice (2880:2911) on FGPA 0, FPGA link 9, board None, linked to chip (0, 0)
  Slice (2912:2943) on FGPA 0, FPGA link 11, board None, linked to chip (0, 0)
  Slice (2912:2943) on FGPA 0, FPGA link 13, board None, linked to chip (0, 0)
  Slice (2912:2943) on FGPA 0, FPGA link 15, board None, linked to chip (0, 0)
  Slice (2912:2943) on FGPA 0, FPGA link 1, board None, linked to chip (0, 0)
  Slice (2912:2943) on FGPA 0, FPGA link 3, board None, linked to chip (0, 0)
  Slice (2912:2943) on FGPA 0, FPGA link 5, board None, linked to chip (0, 0)
  Slice (2912:2943) on FGPA 0, FPGA link 7, board None, linked to chip (0, 0)
  Slice (2912:2943) on FGPA 0, FPGA link 9, board None, linked to chip (0, 0)
  Slice (2944:2975) on FGPA 0, FPGA link 11, board None, linked to chip (0, 0)
  Slice (2944:2975) on FGPA 0, FPGA link 13, board None, linked to chip (0, 0)
  Slice (2944:2975) on FGPA 0, FPGA link 15, board None, linked to chip (0, 0)
  Slice (2944:2975) on FGPA 0, FPGA link 1, board None, linked to chip (0, 0)
  Slice (2944:2975) on FGPA 0, FPGA link 3, board None, linked to chip (0, 0)
  Slice (2944:2975) on FGPA 0, FPGA link 5, board None, linked to chip (0, 0)
  Slice (2944:2975) on FGPA 0, FPGA link 7, board None, linked to chip (0, 0)
  Slice (2944:2975) on FGPA 0, FPGA link 9, board None, linked to chip (0, 0)
  Slice (2976:3007) on FGPA 0, FPGA link 11, board None, linked to chip (0, 0)
  Slice (2976:3007) on FGPA 0, FPGA link 13, board None, linked to chip (0, 0)
  Slice (2976:3007) on FGPA 0, FPGA link 15, board None, linked to chip (0, 0)
  Slice (2976:3007) on FGPA 0, FPGA link 1, board None, linked to chip (0, 0)
  Slice (2976:3007) on FGPA 0, FPGA link 3, board None, linked to chip (0, 0)
  Slice (2976:3007) on FGPA 0, FPGA link 5, board None, linked to chip (0, 0)
  Slice (2976:3007) on FGPA 0, FPGA link 7, board None, linked to chip (0, 0)
  Slice (2976:3007) on FGPA 0, FPGA link 9, board None, linked to chip (0, 0)
  Slice (3008:3039) on FGPA 0, FPGA link 11, board None, linked to chip (0, 0)
  Slice (3008:3039) on FGPA 0, FPGA link 13, board None, linked to chip (0, 0)
  Slice (3008:3039) on FGPA 0, FPGA link 15, board None, linked to chip (0, 0)
  Slice (3008:3039) on FGPA 0, FPGA link 1, board None, linked to chip (0, 0)
  Slice (3008:3039) on FGPA 0, FPGA link 3, board None, linked to chip (0, 0)
  Slice (3008:3039) on FGPA 0, FPGA link 5, board None, linked to chip (0, 0)
  Slice (3008:3039) on FGPA 0, FPGA link 7, board None, linked to chip (0, 0)
  Slice (3008:3039) on FGPA 0, FPGA link 9, board None, linked to chip (0, 0)
  Slice (3040:3071) on FGPA 0, FPGA link 11, board None, linked to chip (0, 0)
  Slice (3040:3071) on FGPA 0, FPGA link 13, board None, linked to chip (0, 0)
  Slice (3040:3071) on FGPA 0, FPGA link 15, board None, linked to chip (0, 0)
  Slice (3040:3071) on FGPA 0, FPGA link 1, board None, linked to chip (0, 0)
  Slice (3040:3071) on FGPA 0, FPGA link 3, board None, linked to chip (0, 0)
  Slice (3040:3071) on FGPA 0, FPGA link 5, board None, linked to chip (0, 0)
  Slice (3040:3071) on FGPA 0, FPGA link 7, board None, linked to chip (0, 0)
  Slice (3040:3071) on FGPA 0, FPGA link 9, board None, linked to chip (0, 0)
  Slice (3072:3103) on FGPA 0, FPGA link 11, board None, linked to chip (0, 0)
  Slice (3072:3103) on FGPA 0, FPGA link 13, board None, linked to chip (0, 0)
  Slice (3072:3103) on FGPA 0, FPGA link 15, board None, linked to chip (0, 0)
  Slice (3072:3103) on FGPA 0, FPGA link 1, board None, linked to chip (0, 0)
  Slice (3072:3103) on FGPA 0, FPGA link 3, board None, linked to chip (0, 0)
  Slice (3072:3103) on FGPA 0, FPGA link 5, board None, linked to chip (0, 0)
  Slice (3072:3103) on FGPA 0, FPGA link 7, board None, linked to chip (0, 0)
  Slice (3072:3103) on FGPA 0, FPGA link 9, board None, linked to chip (0, 0)
  Slice (3104:3135) on FGPA 0, FPGA link 11, board None, linked to chip (0, 0)
  Slice (3104:3135) on FGPA 0, FPGA link 13, board None, linked to chip (0, 0)
  Slice (3104:3135) on FGPA 0, FPGA link 15, board None, linked to chip (0, 0)
  Slice (3104:3135) on FGPA 0, FPGA link 1, board None, linked to chip (0, 0)
  Slice (3104:3135) on FGPA 0, FPGA link 3, board None, linked to chip (0, 0)
  Slice (3104:3135) on FGPA 0, FPGA link 5, board None, linked to chip (0, 0)
  Slice (3104:3135) on FGPA 0, FPGA link 7, board None, linked to chip (0, 0)
  Slice (3104:3135) on FGPA 0, FPGA link 9, board None, linked to chip (0, 0)
  Slice (3136:3167) on FGPA 0, FPGA link 11, board None, linked to chip (0, 0)
  Slice (3136:3167) on FGPA 0, FPGA link 13, board None, linked to chip (0, 0)
  Slice (3136:3167) on FGPA 0, FPGA link 15, board None, linked to chip (0, 0)
  Slice (3136:3167) on FGPA 0, FPGA link 1, board None, linked to chip (0, 0)
  Slice (3136:3167) on FGPA 0, FPGA link 3, board None, linked to chip (0, 0)
  Slice (3136:3167) on FGPA 0, FPGA link 5, board None, linked to chip (0, 0)
  Slice (3136:3167) on FGPA 0, FPGA link 7, board None, linked to chip (0, 0)
  Slice (3136:3167) on FGPA 0, FPGA link 9, board None, linked to chip (0, 0)
  Slice (3168:3199) on FGPA 0, FPGA link 11, board None, linked to chip (0, 0)
  Slice (3168:3199) on FGPA 0, FPGA link 13, board None, linked to chip (0, 0)
  Slice (3168:3199) on FGPA 0, FPGA link 15, board None, linked to chip (0, 0)
  Slice (3168:3199) on FGPA 0, FPGA link 1, board None, linked to chip (0, 0)
  Slice (3168:3199) on FGPA 0, FPGA link 3, board None, linked to chip (0, 0)
  Slice (3168:3199) on FGPA 0, FPGA link 5, board None, linked to chip (0, 0)
  Slice (3168:3199) on FGPA 0, FPGA link 7, board None, linked to chip (0, 0)
  Slice (3168:3199) on FGPA 0, FPGA link 9, board None, linked to chip (0, 0)
  Slice (3200:3231) on FGPA 0, FPGA link 11, board None, linked to chip (0, 0)
  Slice (3200:3231) on FGPA 0, FPGA link 13, board None, linked to chip (0, 0)
  Slice (3200:3231) on FGPA 0, FPGA link 15, board None, linked to chip (0, 0)
  Slice (3200:3231) on FGPA 0, FPGA link 1, board None, linked to chip (0, 0)
  Slice (3200:3231) on FGPA 0, FPGA link 3, board None, linked to chip (0, 0)
  Slice (3200:3231) on FGPA 0, FPGA link 5, board None, linked to chip (0, 0)
  Slice (3200:3231) on FGPA 0, FPGA link 7, board None, linked to chip (0, 0)
  Slice (3200:3231) on FGPA 0, FPGA link 9, board None, linked to chip (0, 0)
  Slice (3232:3263) on FGPA 0, FPGA link 11, board None, linked to chip (0, 0)
  Slice (3232:3263) on FGPA 0, FPGA link 13, board None, linked to chip (0, 0)
  Slice (3232:3263) on FGPA 0, FPGA link 15, board None, linked to chip (0, 0)
  Slice (3232:3263) on FGPA 0, FPGA link 1, board None, linked to chip (0, 0)
  Slice (3232:3263) on FGPA 0, FPGA link 3, board None, linked to chip (0, 0)
  Slice (3232:3263) on FGPA 0, FPGA link 5, board None, linked to chip (0, 0)
  Slice (3232:3263) on FGPA 0, FPGA link 7, board None, linked to chip (0, 0)
  Slice (3232:3263) on FGPA 0, FPGA link 9, board None, linked to chip (0, 0)
  Slice (3264:3295) on FGPA 0, FPGA link 11, board None, linked to chip (0, 0)
  Slice (3264:3295) on FGPA 0, FPGA link 13, board None, linked to chip (0, 0)
  Slice (3264:3295) on FGPA 0, FPGA link 15, board None, linked to chip (0, 0)
  Slice (3264:3295) on FGPA 0, FPGA link 1, board None, linked to chip (0, 0)
  Slice (3264:3295) on FGPA 0, FPGA link 3, board None, linked to chip (0, 0)
  Slice (3264:3295) on FGPA 0, FPGA link 5, board None, linked to chip (0, 0)
  Slice (3264:3295) on FGPA 0, FPGA link 7, board None, linked to chip (0, 0)
  Slice (3264:3295) on FGPA 0, FPGA link 9, board None, linked to chip (0, 0)
  Slice (3296:3327) on FGPA 0, FPGA link 11, board None, linked to chip (0, 0)
  Slice (3296:3327) on FGPA 0, FPGA link 13, board None, linked to chip (0, 0)
  Slice (3296:3327) on FGPA 0, FPGA link 15, board None, linked to chip (0, 0)
  Slice (3296:3327) on FGPA 0, FPGA link 1, board None, linked to chip (0, 0)
  Slice (3296:3327) on FGPA 0, FPGA link 3, board None, linked to chip (0, 0)
  Slice (3296:3327) on FGPA 0, FPGA link 5, board None, linked to chip (0, 0)
  Slice (3296:3327) on FGPA 0, FPGA link 7, board None, linked to chip (0, 0)
  Slice (3296:3327) on FGPA 0, FPGA link 9, board None, linked to chip (0, 0)
  Slice (3328:3359) on FGPA 0, FPGA link 11, board None, linked to chip (0, 0)
  Slice (3328:3359) on FGPA 0, FPGA link 13, board None, linked to chip (0, 0)
  Slice (3328:3359) on FGPA 0, FPGA link 15, board None, linked to chip (0, 0)
  Slice (3328:3359) on FGPA 0, FPGA link 1, board None, linked to chip (0, 0)
  Slice (3328:3359) on FGPA 0, FPGA link 3, board None, linked to chip (0, 0)
  Slice (3328:3359) on FGPA 0, FPGA link 5, board None, linked to chip (0, 0)
  Slice (3328:3359) on FGPA 0, FPGA link 7, board None, linked to chip (0, 0)
  Slice (3328:3359) on FGPA 0, FPGA link 9, board None, linked to chip (0, 0)
  Slice (3360:3391) on FGPA 0, FPGA link 11, board None, linked to chip (0, 0)
  Slice (3360:3391) on FGPA 0, FPGA link 13, board None, linked to chip (0, 0)
  Slice (3360:3391) on FGPA 0, FPGA link 15, board None, linked to chip (0, 0)
  Slice (3360:3391) on FGPA 0, FPGA link 1, board None, linked to chip (0, 0)
  Slice (3360:3391) on FGPA 0, FPGA link 3, board None, linked to chip (0, 0)
  Slice (3360:3391) on FGPA 0, FPGA link 5, board None, linked to chip (0, 0)
  Slice (3360:3391) on FGPA 0, FPGA link 7, board None, linked to chip (0, 0)
  Slice (3360:3391) on FGPA 0, FPGA link 9, board None, linked to chip (0, 0)
  Slice (3392:3423) on FGPA 0, FPGA link 11, board None, linked to chip (0, 0)
  Slice (3392:3423) on FGPA 0, FPGA link 13, board None, linked to chip (0, 0)
  Slice (3392:3423) on FGPA 0, FPGA link 15, board None, linked to chip (0, 0)
  Slice (3392:3423) on FGPA 0, FPGA link 1, board None, linked to chip (0, 0)
  Slice (3392:3423) on FGPA 0, FPGA link 3, board None, linked to chip (0, 0)
  Slice (3392:3423) on FGPA 0, FPGA link 5, board None, linked to chip (0, 0)
  Slice (3392:3423) on FGPA 0, FPGA link 7, board None, linked to chip (0, 0)
  Slice (3392:3423) on FGPA 0, FPGA link 9, board None, linked to chip (0, 0)
  Slice (3424:3455) on FGPA 0, FPGA link 11, board None, linked to chip (0, 0)
  Slice (3424:3455) on FGPA 0, FPGA link 13, board None, linked to chip (0, 0)
  Slice (3424:3455) on FGPA 0, FPGA link 15, board None, linked to chip (0, 0)
  Slice (3424:3455) on FGPA 0, FPGA link 1, board None, linked to chip (0, 0)
  Slice (3424:3455) on FGPA 0, FPGA link 3, board None, linked to chip (0, 0)
  Slice (3424:3455) on FGPA 0, FPGA link 5, board None, linked to chip (0, 0)
  Slice (3424:3455) on FGPA 0, FPGA link 7, board None, linked to chip (0, 0)
  Slice (3424:3455) on FGPA 0, FPGA link 9, board None, linked to chip (0, 0)
  Slice (3456:3487) on FGPA 0, FPGA link 11, board None, linked to chip (0, 0)
  Slice (3456:3487) on FGPA 0, FPGA link 13, board None, linked to chip (0, 0)
  Slice (3456:3487) on FGPA 0, FPGA link 15, board None, linked to chip (0, 0)
  Slice (3456:3487) on FGPA 0, FPGA link 1, board None, linked to chip (0, 0)
  Slice (3456:3487) on FGPA 0, FPGA link 3, board None, linked to chip (0, 0)
  Slice (3456:3487) on FGPA 0, FPGA link 5, board None, linked to chip (0, 0)
  Slice (3456:3487) on FGPA 0, FPGA link 7, board None, linked to chip (0, 0)
  Slice (3456:3487) on FGPA 0, FPGA link 9, board None, linked to chip (0, 0)
  Slice (3488:3519) on FGPA 0, FPGA link 11, board None, linked to chip (0, 0)
  Slice (3488:3519) on FGPA 0, FPGA link 13, board None, linked to chip (0, 0)
  Slice (3488:3519) on FGPA 0, FPGA link 15, board None, linked to chip (0, 0)
  Slice (3488:3519) on FGPA 0, FPGA link 1, board None, linked to chip (0, 0)
  Slice (3488:3519) on FGPA 0, FPGA link 3, board None, linked to chip (0, 0)
  Slice (3488:3519) on FGPA 0, FPGA link 5, board None, linked to chip (0, 0)
  Slice (3488:3519) on FGPA 0, FPGA link 7, board None, linked to chip (0, 0)
  Slice (3488:3519) on FGPA 0, FPGA link 9, board None, linked to chip (0, 0)
  Slice (3520:3551) on FGPA 0, FPGA link 11, board None, linked to chip (0, 0)
  Slice (3520:3551) on FGPA 0, FPGA link 13, board None, linked to chip (0, 0)
  Slice (3520:3551) on FGPA 0, FPGA link 15, board None, linked to chip (0, 0)
  Slice (3520:3551) on FGPA 0, FPGA link 1, board None, linked to chip (0, 0)
  Slice (3520:3551) on FGPA 0, FPGA link 3, board None, linked to chip (0, 0)
  Slice (3520:3551) on FGPA 0, FPGA link 5, board None, linked to chip (0, 0)
  Slice (3520:3551) on FGPA 0, FPGA link 7, board None, linked to chip (0, 0)
  Slice (3520:3551) on FGPA 0, FPGA link 9, board None, linked to chip (0, 0)
  Slice (3552:3583) on FGPA 0, FPGA link 11, board None, linked to chip (0, 0)
  Slice (3552:3583) on FGPA 0, FPGA link 13, board None, linked to chip (0, 0)
  Slice (3552:3583) on FGPA 0, FPGA link 15, board None, linked to chip (0, 0)
  Slice (3552:3583) on FGPA 0, FPGA link 1, board None, linked to chip (0, 0)
  Slice (3552:3583) on FGPA 0, FPGA link 3, board None, linked to chip (0, 0)
  Slice (3552:3583) on FGPA 0, FPGA link 5, board None, linked to chip (0, 0)
  Slice (3552:3583) on FGPA 0, FPGA link 7, board None, linked to chip (0, 0)
  Slice (3552:3583) on FGPA 0, FPGA link 9, board None, linked to chip (0, 0)
  Slice (3584:3615) on FGPA 0, FPGA link 11, board None, linked to chip (0, 0)
  Slice (3584:3615) on FGPA 0, FPGA link 13, board None, linked to chip (0, 0)
  Slice (3584:3615) on FGPA 0, FPGA link 15, board None, linked to chip (0, 0)
  Slice (3584:3615) on FGPA 0, FPGA link 1, board None, linked to chip (0, 0)
  Slice (3584:3615) on FGPA 0, FPGA link 3, board None, linked to chip (0, 0)
  Slice (3584:3615) on FGPA 0, FPGA link 5, board None, linked to chip (0, 0)
  Slice (3584:3615) on FGPA 0, FPGA link 7, board None, linked to chip (0, 0)
  Slice (3584:3615) on FGPA 0, FPGA link 9, board None, linked to chip (0, 0)
  Slice (3616:3647) on FGPA 0, FPGA link 11, board None, linked to chip (0, 0)
  Slice (3616:3647) on FGPA 0, FPGA link 13, board None, linked to chip (0, 0)
  Slice (3616:3647) on FGPA 0, FPGA link 15, board None, linked to chip (0, 0)
  Slice (3616:3647) on FGPA 0, FPGA link 1, board None, linked to chip (0, 0)
  Slice (3616:3647) on FGPA 0, FPGA link 3, board None, linked to chip (0, 0)
  Slice (3616:3647) on FGPA 0, FPGA link 5, board None, linked to chip (0, 0)
  Slice (3616:3647) on FGPA 0, FPGA link 7, board None, linked to chip (0, 0)
  Slice (3616:3647) on FGPA 0, FPGA link 9, board None, linked to chip (0, 0)
  Slice (3648:3679) on FGPA 0, FPGA link 11, board None, linked to chip (0, 0)
  Slice (3648:3679) on FGPA 0, FPGA link 13, board None, linked to chip (0, 0)
  Slice (3648:3679) on FGPA 0, FPGA link 15, board None, linked to chip (0, 0)
  Slice (3648:3679) on FGPA 0, FPGA link 1, board None, linked to chip (0, 0)
  Slice (3648:3679) on FGPA 0, FPGA link 3, board None, linked to chip (0, 0)
  Slice (3648:3679) on FGPA 0, FPGA link 5, board None, linked to chip (0, 0)
  Slice (3648:3679) on FGPA 0, FPGA link 7, board None, linked to chip (0, 0)
  Slice (3648:3679) on FGPA 0, FPGA link 9, board None, linked to chip (0, 0)
  Slice (3680:3711) on FGPA 0, FPGA link 11, board None, linked to chip (0, 0)
  Slice (3680:3711) on FGPA 0, FPGA link 13, board None, linked to chip (0, 0)
  Slice (3680:3711) on FGPA 0, FPGA link 15, board None, linked to chip (0, 0)
  Slice (3680:3711) on FGPA 0, FPGA link 1, board None, linked to chip (0, 0)
  Slice (3680:3711) on FGPA 0, FPGA link 3, board None, linked to chip (0, 0)
  Slice (3680:3711) on FGPA 0, FPGA link 5, board None, linked to chip (0, 0)
  Slice (3680:3711) on FGPA 0, FPGA link 7, board None, linked to chip (0, 0)
  Slice (3680:3711) on FGPA 0, FPGA link 9, board None, linked to chip (0, 0)
  Slice (3712:3743) on FGPA 0, FPGA link 11, board None, linked to chip (0, 0)
  Slice (3712:3743) on FGPA 0, FPGA link 13, board None, linked to chip (0, 0)
  Slice (3712:3743) on FGPA 0, FPGA link 15, board None, linked to chip (0, 0)
  Slice (3712:3743) on FGPA 0, FPGA link 1, board None, linked to chip (0, 0)
  Slice (3712:3743) on FGPA 0, FPGA link 3, board None, linked to chip (0, 0)
  Slice (3712:3743) on FGPA 0, FPGA link 5, board None, linked to chip (0, 0)
  Slice (3712:3743) on FGPA 0, FPGA link 7, board None, linked to chip (0, 0)
  Slice (3712:3743) on FGPA 0, FPGA link 9, board None, linked to chip (0, 0)
  Slice (3744:3775) on FGPA 0, FPGA link 11, board None, linked to chip (0, 0)
  Slice (3744:3775) on FGPA 0, FPGA link 13, board None, linked to chip (0, 0)
  Slice (3744:3775) on FGPA 0, FPGA link 15, board None, linked to chip (0, 0)
  Slice (3744:3775) on FGPA 0, FPGA link 1, board None, linked to chip (0, 0)
  Slice (3744:3775) on FGPA 0, FPGA link 3, board None, linked to chip (0, 0)
  Slice (3744:3775) on FGPA 0, FPGA link 5, board None, linked to chip (0, 0)
  Slice (3744:3775) on FGPA 0, FPGA link 7, board None, linked to chip (0, 0)
  Slice (3744:3775) on FGPA 0, FPGA link 9, board None, linked to chip (0, 0)
  Slice (3776:3807) on FGPA 0, FPGA link 11, board None, linked to chip (0, 0)
  Slice (3776:3807) on FGPA 0, FPGA link 13, board None, linked to chip (0, 0)
  Slice (3776:3807) on FGPA 0, FPGA link 15, board None, linked to chip (0, 0)
  Slice (3776:3807) on FGPA 0, FPGA link 1, board None, linked to chip (0, 0)
  Slice (3776:3807) on FGPA 0, FPGA link 3, board None, linked to chip (0, 0)
  Slice (3776:3807) on FGPA 0, FPGA link 5, board None, linked to chip (0, 0)
  Slice (3776:3807) on FGPA 0, FPGA link 7, board None, linked to chip (0, 0)
  Slice (3776:3807) on FGPA 0, FPGA link 9, board None, linked to chip (0, 0)
  Slice (3808:3839) on FGPA 0, FPGA link 11, board None, linked to chip (0, 0)
  Slice (3808:3839) on FGPA 0, FPGA link 13, board None, linked to chip (0, 0)
  Slice (3808:3839) on FGPA 0, FPGA link 15, board None, linked to chip (0, 0)
  Slice (3808:3839) on FGPA 0, FPGA link 1, board None, linked to chip (0, 0)
  Slice (3808:3839) on FGPA 0, FPGA link 3, board None, linked to chip (0, 0)
  Slice (3808:3839) on FGPA 0, FPGA link 5, board None, linked to chip (0, 0)
  Slice (3808:3839) on FGPA 0, FPGA link 7, board None, linked to chip (0, 0)
  Slice (3808:3839) on FGPA 0, FPGA link 9, board None, linked to chip (0, 0)
  Slice (3840:3871) on FGPA 0, FPGA link 11, board None, linked to chip (0, 0)
  Slice (3840:3871) on FGPA 0, FPGA link 13, board None, linked to chip (0, 0)
  Slice (3840:3871) on FGPA 0, FPGA link 15, board None, linked to chip (0, 0)
  Slice (3840:3871) on FGPA 0, FPGA link 1, board None, linked to chip (0, 0)
  Slice (3840:3871) on FGPA 0, FPGA link 3, board None, linked to chip (0, 0)
  Slice (3840:3871) on FGPA 0, FPGA link 5, board None, linked to chip (0, 0)
  Slice (3840:3871) on FGPA 0, FPGA link 7, board None, linked to chip (0, 0)
  Slice (3840:3871) on FGPA 0, FPGA link 9, board None, linked to chip (0, 0)
  Slice (3872:3903) on FGPA 0, FPGA link 11, board None, linked to chip (0, 0)
  Slice (3872:3903) on FGPA 0, FPGA link 13, board None, linked to chip (0, 0)
  Slice (3872:3903) on FGPA 0, FPGA link 15, board None, linked to chip (0, 0)
  Slice (3872:3903) on FGPA 0, FPGA link 1, board None, linked to chip (0, 0)
  Slice (3872:3903) on FGPA 0, FPGA link 3, board None, linked to chip (0, 0)
  Slice (3872:3903) on FGPA 0, FPGA link 5, board None, linked to chip (0, 0)
  Slice (3872:3903) on FGPA 0, FPGA link 7, board None, linked to chip (0, 0)
  Slice (3872:3903) on FGPA 0, FPGA link 9, board None, linked to chip (0, 0)
  Slice (3904:3935) on FGPA 0, FPGA link 11, board None, linked to chip (0, 0)
  Slice (3904:3935) on FGPA 0, FPGA link 13, board None, linked to chip (0, 0)
  Slice (3904:3935) on FGPA 0, FPGA link 15, board None, linked to chip (0, 0)
  Slice (3904:3935) on FGPA 0, FPGA link 1, board None, linked to chip (0, 0)
  Slice (3904:3935) on FGPA 0, FPGA link 3, board None, linked to chip (0, 0)
  Slice (3904:3935) on FGPA 0, FPGA link 5, board None, linked to chip (0, 0)
  Slice (3904:3935) on FGPA 0, FPGA link 7, board None, linked to chip (0, 0)
  Slice (3904:3935) on FGPA 0, FPGA link 9, board None, linked to chip (0, 0)
  Slice (3936:3967) on FGPA 0, FPGA link 11, board None, linked to chip (0, 0)
  Slice (3936:3967) on FGPA 0, FPGA link 13, board None, linked to chip (0, 0)
  Slice (3936:3967) on FGPA 0, FPGA link 15, board None, linked to chip (0, 0)
  Slice (3936:3967) on FGPA 0, FPGA link 1, board None, linked to chip (0, 0)
  Slice (3936:3967) on FGPA 0, FPGA link 3, board None, linked to chip (0, 0)
  Slice (3936:3967) on FGPA 0, FPGA link 5, board None, linked to chip (0, 0)
  Slice (3936:3967) on FGPA 0, FPGA link 7, board None, linked to chip (0, 0)
  Slice (3936:3967) on FGPA 0, FPGA link 9, board None, linked to chip (0, 0)
  Slice (3968:3999) on FGPA 0, FPGA link 11, board None, linked to chip (0, 0)
  Slice (3968:3999) on FGPA 0, FPGA link 13, board None, linked to chip (0, 0)
  Slice (3968:3999) on FGPA 0, FPGA link 15, board None, linked to chip (0, 0)
  Slice (3968:3999) on FGPA 0, FPGA link 1, board None, linked to chip (0, 0)
  Slice (3968:3999) on FGPA 0, FPGA link 3, board None, linked to chip (0, 0)
  Slice (3968:3999) on FGPA 0, FPGA link 5, board None, linked to chip (0, 0)
  Slice (3968:3999) on FGPA 0, FPGA link 7, board None, linked to chip (0, 0)
  Slice (3968:3999) on FGPA 0, FPGA link 9, board None, linked to chip (0, 0)
  Slice (4000:4031) on FGPA 0, FPGA link 11, board None, linked to chip (0, 0)
  Slice (4000:4031) on FGPA 0, FPGA link 13, board None, linked to chip (0, 0)
  Slice (4000:4031) on FGPA 0, FPGA link 15, board None, linked to chip (0, 0)
  Slice (4000:4031) on FGPA 0, FPGA link 1, board None, linked to chip (0, 0)
  Slice (4000:4031) on FGPA 0, FPGA link 3, board None, linked to chip (0, 0)
  Slice (4000:4031) on FGPA 0, FPGA link 5, board None, linked to chip (0, 0)
  Slice (4000:4031) on FGPA 0, FPGA link 7, board None, linked to chip (0, 0)
  Slice (4000:4031) on FGPA 0, FPGA link 9, board None, linked to chip (0, 0)
  Slice (4032:4063) on FGPA 0, FPGA link 11, board None, linked to chip (0, 0)
  Slice (4032:4063) on FGPA 0, FPGA link 13, board None, linked to chip (0, 0)
  Slice (4032:4063) on FGPA 0, FPGA link 15, board None, linked to chip (0, 0)
  Slice (4032:4063) on FGPA 0, FPGA link 1, board None, linked to chip (0, 0)
  Slice (4032:4063) on FGPA 0, FPGA link 3, board None, linked to chip (0, 0)
  Slice (4032:4063) on FGPA 0, FPGA link 5, board None, linked to chip (0, 0)
  Slice (4032:4063) on FGPA 0, FPGA link 7, board None, linked to chip (0, 0)
  Slice (4032:4063) on FGPA 0, FPGA link 9, board None, linked to chip (0, 0)
  Slice (4064:4095) on FGPA 0, FPGA link 11, board None, linked to chip (0, 0)
  Slice (4064:4095) on FGPA 0, FPGA link 13, board None, linked to chip (0, 0)
  Slice (4064:4095) on FGPA 0, FPGA link 15, board None, linked to chip (0, 0)
  Slice (4064:4095) on FGPA 0, FPGA link 1, board None, linked to chip (0, 0)
  Slice (4064:4095) on FGPA 0, FPGA link 3, board None, linked to chip (0, 0)
  Slice (4064:4095) on FGPA 0, FPGA link 5, board None, linked to chip (0, 0)
  Slice (4064:4095) on FGPA 0, FPGA link 7, board None, linked to chip (0, 0)
  Slice (4064:4095) on FGPA 0, FPGA link 9, board None, linked to chip (0, 0)

**** Vertex: 'middle'
Model: AbstractPopulationVertex
Pop size: 4096
Machine Vertices: 
  Slice (0:31) on core (0, 0, 4) 
  Slice (32:63) on core (0, 0, 5) 
  Slice (64:95) on core (0, 0, 6) 
  Slice (96:127) on core (0, 0, 7) 
  Slice (128:159) on core (0, 0, 8) 
  Slice (160:191) on core (0, 0, 9) 
  Slice (192:223) on core (0, 0, 10) 
  Slice (224:255) on core (0, 0, 11) 
  Slice (256:287) on core (0, 0, 12) 
  Slice (288:319) on core (0, 0, 13) 
  Slice (320:351) on core (0, 0, 14) 
  Slice (352:383) on core (0, 0, 15) 
  Slice (384:415) on core (0, 0, 16) 
  Slice (416:447) on core (0, 0, 17) 
  Slice (448:479) on core (1, 0, 2) 
  Slice (480:511) on core (1, 0, 3) 
  Slice (512:543) on core (1, 0, 4) 
  Slice (544:575) on core (1, 0, 5) 
  Slice (576:607) on core (1, 0, 6) 
  Slice (608:639) on core (1, 0, 7) 
  Slice (640:671) on core (1, 0, 8) 
  Slice (672:703) on core (1, 0, 9) 
  Slice (704:735) on core (1, 0, 10) 
  Slice (736:767) on core (1, 0, 11) 
  Slice (768:799) on core (1, 0, 12) 
  Slice (800:831) on core (1, 0, 13) 
  Slice (832:863) on core (1, 0, 14) 
  Slice (864:895) on core (1, 0, 15) 
  Slice (896:927) on core (1, 0, 16) 
  Slice (928:959) on core (1, 0, 17) 
  Slice (960:991) on core (1, 1, 2) 
  Slice (992:1023) on core (1, 1, 3) 
  Slice (1024:1055) on core (1, 1, 4) 
  Slice (1056:1087) on core (1, 1, 5) 
  Slice (1088:1119) on core (1, 1, 6) 
  Slice (1120:1151) on core (1, 1, 7) 
  Slice (1152:1183) on core (1, 1, 8) 
  Slice (1184:1215) on core (1, 1, 9) 
  Slice (1216:1247) on core (1, 1, 10) 
  Slice (1248:1279) on core (1, 1, 11) 
  Slice (1280:1311) on core (1, 1, 12) 
  Slice (1312:1343) on core (1, 1, 13) 
  Slice (1344:1375) on core (1, 1, 14) 
  Slice (1376:1407) on core (1, 1, 15) 
  Slice (1408:1439) on core (1, 1, 16) 
  Slice (1440:1471) on core (0, 1, 2) 
  Slice (1472:1503) on core (0, 1, 3) 
  Slice (1504:1535) on core (0, 1, 4) 
  Slice (1536:1567) on core (0, 1, 5) 
  Slice (1568:1599) on core (0, 1, 6) 
  Slice (1600:1631) on core (0, 1, 7) 
  Slice (1632:1663) on core (0, 1, 8) 
  Slice (1664:1695) on core (0, 1, 9) 
  Slice (1696:1727) on core (0, 1, 10) 
  Slice (1728:1759) on core (0, 1, 11) 
  Slice (1760:1791) on core (0, 1, 12) 
  Slice (1792:1823) on core (0, 1, 13) 
  Slice (1824:1855) on core (0, 1, 14) 
  Slice (1856:1887) on core (0, 1, 15) 
  Slice (1888:1919) on core (0, 1, 16) 
  Slice (1920:1951) on core (0, 1, 17) 
  Slice (1952:1983) on core (2, 0, 2) 
  Slice (1984:2015) on core (2, 0, 3) 
  Slice (2016:2047) on core (2, 0, 4) 
  Slice (2048:2079) on core (2, 0, 5) 
  Slice (2080:2111) on core (2, 0, 6) 
  Slice (2112:2143) on core (2, 0, 7) 
  Slice (2144:2175) on core (2, 0, 8) 
  Slice (2176:2207) on core (2, 0, 9) 
  Slice (2208:2239) on core (2, 0, 10) 
  Slice (2240:2271) on core (2, 0, 11) 
  Slice (2272:2303) on core (2, 0, 12) 
  Slice (2304:2335) on core (2, 0, 13) 
  Slice (2336:2367) on core (2, 0, 14) 
  Slice (2368:2399) on core (2, 0, 15) 
  Slice (2400:2431) on core (2, 0, 16) 
  Slice (2432:2463) on core (2, 0, 17) 
  Slice (2464:2495) on core (2, 1, 2) 
  Slice (2496:2527) on core (2, 1, 3) 
  Slice (2528:2559) on core (2, 1, 4) 
  Slice (2560:2591) on core (2, 1, 5) 
  Slice (2592:2623) on core (2, 1, 6) 
  Slice (2624:2655) on core (2, 1, 7) 
  Slice (2656:2687) on core (2, 1, 8) 
  Slice (2688:2719) on core (2, 1, 9) 
  Slice (2720:2751) on core (2, 1, 10) 
  Slice (2752:2783) on core (2, 1, 11) 
  Slice (2784:2815) on core (2, 1, 12) 
  Slice (2816:2847) on core (2, 1, 13) 
  Slice (2848:2879) on core (2, 1, 14) 
  Slice (2880:2911) on core (2, 1, 15) 
  Slice (2912:2943) on core (2, 1, 16) 
  Slice (2944:2975) on core (2, 1, 17) 
  Slice (2976:3007) on core (2, 2, 2) 
  Slice (3008:3039) on core (2, 2, 3) 
  Slice (3040:3071) on core (2, 2, 4) 
  Slice (3072:3103) on core (2, 2, 5) 
  Slice (3104:3135) on core (2, 2, 6) 
  Slice (3136:3167) on core (2, 2, 7) 
  Slice (3168:3199) on core (2, 2, 8) 
  Slice (3200:3231) on core (2, 2, 9) 
  Slice (3232:3263) on core (2, 2, 10) 
  Slice (3264:3295) on core (2, 2, 11) 
  Slice (3296:3327) on core (2, 2, 12) 
  Slice (3328:3359) on core (2, 2, 13) 
  Slice (3360:3391) on core (2, 2, 14) 
  Slice (3392:3423) on core (2, 2, 15) 
  Slice (3424:3455) on core (2, 2, 16) 
  Slice (3456:3487) on core (2, 2, 17) 
  Slice (3488:3519) on core (1, 2, 2) 
  Slice (3520:3551) on core (1, 2, 3) 
  Slice (3552:3583) on core (1, 2, 4) 
  Slice (3584:3615) on core (1, 2, 5) 
  Slice (3616:3647) on core (1, 2, 6) 
  Slice (3648:3679) on core (1, 2, 7) 
  Slice (3680:3711) on core (1, 2, 8) 
  Slice (3712:3743) on core (1, 2, 9) 
  Slice (3744:3775) on core (1, 2, 10) 
  Slice (3776:3807) on core (1, 2, 11) 
  Slice (3808:3839) on core (1, 2, 12) 
  Slice (3840:3871) on core (1, 2, 13) 
  Slice (3872:3903) on core (1, 2, 14) 
  Slice (3904:3935) on core (1, 2, 15) 
  Slice (3936:3967) on core (1, 2, 16) 
  Slice (3968:3999) on core (1, 2, 17) 
  Slice (4000:4031) on core (0, 2, 2) 
  Slice (4032:4063) on core (0, 2, 3) 
  Slice (4064:4095) on core (0, 2, 4) 

**** Vertex: 'output'
Model: SPIFOutputDevice
Pop size: 1
Machine Vertices: 
  Slice (0:0) on FGPA 0, FPGA link 15, board None, linked to chip (0, 0)

**** Vertex: 'Command Sender on 0, 0'
Model: CommandSender
Pop size: 1
Machine Vertices: 
  Slice (0:0) on core (0, 0, 1) 

