        Routing Summary Report
        ======================

Generated: Thu Mar 23 11:19:22 2023 for target machine '172.16.223.1'

Chip 0:0 has 33 entries of which 0 are defaultable and 3 link only with 33 unique spinnaker routes
Chip 0:1 has 19 entries of which 0 are defaultable and 2 link only with 19 unique spinnaker routes
Chip 0:2 has 19 entries of which 0 are defaultable and 2 link only with 19 unique spinnaker routes
Chip 0:3 has 20 entries of which 0 are defaultable and 2 link only with 20 unique spinnaker routes
Chip 1:0 has 54 entries of which 0 are defaultable and 3 link only with 54 unique spinnaker routes
Chip 1:1 has 18 entries of which 0 are defaultable and 2 link only with 18 unique spinnaker routes
Chip 1:2 has 19 entries of which 0 are defaultable and 2 link only with 19 unique spinnaker routes
Chip 1:3 has 18 entries of which 0 are defaultable and 2 link only with 18 unique spinnaker routes
Chip 2:0 has 54 entries of which 0 are defaultable and 3 link only with 54 unique spinnaker routes
Chip 2:1 has 18 entries of which 0 are defaultable and 1 link only with 18 unique spinnaker routes
Chip 2:2 has 19 entries of which 0 are defaultable and 2 link only with 19 unique spinnaker routes
Chip 2:3 has 20 entries of which 0 are defaultable and 2 link only with 20 unique spinnaker routes
Chip 3:0 has 57 entries of which 0 are defaultable and 3 link only with 57 unique spinnaker routes
Chip 3:1 has 17 entries of which 0 are defaultable and 1 link only with 17 unique spinnaker routes
Chip 3:2 has 19 entries of which 0 are defaultable and 1 link only with 19 unique spinnaker routes
Chip 3:3 has 18 entries of which 0 are defaultable and 2 link only with 18 unique spinnaker routes
Chip 4:0 has 37 entries of which 0 are defaultable and 3 link only with 37 unique spinnaker routes
Chip 4:1 has 20 entries of which 0 are defaultable and 2 link only with 20 unique spinnaker routes
Chip 4:2 has 19 entries of which 0 are defaultable and 2 link only with 19 unique spinnaker routes
Chip 4:3 has 7 entries of which 0 are defaultable and 1 link only with 7 unique spinnaker routes
Chip 5:1 has 939 entries of which 0 are defaultable and 939 link only with 1 unique spinnaker routes
Chip 6:2 has 626 entries of which 0 are defaultable and 626 link only with 1 unique spinnaker routes
Chip 7:3 has 313 entries of which 0 are defaultable and 313 link only with 1 unique spinnaker routes

 Total entries 2383, max per chip 939 max none defaultable 939 max link only 939 max unique spinnaker routes 57

