        Placement Information by Vertex
        ===============================

Generated: Thu Mar 23 10:54:21 2023 for target machine '172.16.223.1'

**** Vertex: 'SPIFInputDevice_1'
Model: SPIFInputDevice
Pop size: 3072
Machine Vertices: 
  Slice (0:127) on FGPA 0, FPGA link 11, board None, linked to chip (0, 0)
  Slice (0:127) on FGPA 0, FPGA link 13, board None, linked to chip (0, 0)
  Slice (0:127) on FGPA 0, FPGA link 15, board None, linked to chip (0, 0)
  Slice (0:127) on FGPA 0, FPGA link 1, board None, linked to chip (0, 0)
  Slice (0:127) on FGPA 0, FPGA link 3, board None, linked to chip (0, 0)
  Slice (0:127) on FGPA 0, FPGA link 5, board None, linked to chip (0, 0)
  Slice (0:127) on FGPA 0, FPGA link 7, board None, linked to chip (0, 0)
  Slice (0:127) on FGPA 0, FPGA link 9, board None, linked to chip (0, 0)
  Slice (0:3071) on FGPA 0, FPGA link 15, board None, linked to chip (0, 0)
  Slice (128:255) on FGPA 0, FPGA link 11, board None, linked to chip (0, 0)
  Slice (128:255) on FGPA 0, FPGA link 13, board None, linked to chip (0, 0)
  Slice (128:255) on FGPA 0, FPGA link 15, board None, linked to chip (0, 0)
  Slice (128:255) on FGPA 0, FPGA link 1, board None, linked to chip (0, 0)
  Slice (128:255) on FGPA 0, FPGA link 3, board None, linked to chip (0, 0)
  Slice (128:255) on FGPA 0, FPGA link 5, board None, linked to chip (0, 0)
  Slice (128:255) on FGPA 0, FPGA link 7, board None, linked to chip (0, 0)
  Slice (128:255) on FGPA 0, FPGA link 9, board None, linked to chip (0, 0)
  Slice (256:383) on FGPA 0, FPGA link 11, board None, linked to chip (0, 0)
  Slice (256:383) on FGPA 0, FPGA link 13, board None, linked to chip (0, 0)
  Slice (256:383) on FGPA 0, FPGA link 15, board None, linked to chip (0, 0)
  Slice (256:383) on FGPA 0, FPGA link 1, board None, linked to chip (0, 0)
  Slice (256:383) on FGPA 0, FPGA link 3, board None, linked to chip (0, 0)
  Slice (256:383) on FGPA 0, FPGA link 5, board None, linked to chip (0, 0)
  Slice (256:383) on FGPA 0, FPGA link 7, board None, linked to chip (0, 0)
  Slice (256:383) on FGPA 0, FPGA link 9, board None, linked to chip (0, 0)
  Slice (384:511) on FGPA 0, FPGA link 11, board None, linked to chip (0, 0)
  Slice (384:511) on FGPA 0, FPGA link 13, board None, linked to chip (0, 0)
  Slice (384:511) on FGPA 0, FPGA link 15, board None, linked to chip (0, 0)
  Slice (384:511) on FGPA 0, FPGA link 1, board None, linked to chip (0, 0)
  Slice (384:511) on FGPA 0, FPGA link 3, board None, linked to chip (0, 0)
  Slice (384:511) on FGPA 0, FPGA link 5, board None, linked to chip (0, 0)
  Slice (384:511) on FGPA 0, FPGA link 7, board None, linked to chip (0, 0)
  Slice (384:511) on FGPA 0, FPGA link 9, board None, linked to chip (0, 0)
  Slice (512:639) on FGPA 0, FPGA link 11, board None, linked to chip (0, 0)
  Slice (512:639) on FGPA 0, FPGA link 13, board None, linked to chip (0, 0)
  Slice (512:639) on FGPA 0, FPGA link 15, board None, linked to chip (0, 0)
  Slice (512:639) on FGPA 0, FPGA link 1, board None, linked to chip (0, 0)
  Slice (512:639) on FGPA 0, FPGA link 3, board None, linked to chip (0, 0)
  Slice (512:639) on FGPA 0, FPGA link 5, board None, linked to chip (0, 0)
  Slice (512:639) on FGPA 0, FPGA link 7, board None, linked to chip (0, 0)
  Slice (512:639) on FGPA 0, FPGA link 9, board None, linked to chip (0, 0)
  Slice (640:767) on FGPA 0, FPGA link 11, board None, linked to chip (0, 0)
  Slice (640:767) on FGPA 0, FPGA link 13, board None, linked to chip (0, 0)
  Slice (640:767) on FGPA 0, FPGA link 15, board None, linked to chip (0, 0)
  Slice (640:767) on FGPA 0, FPGA link 1, board None, linked to chip (0, 0)
  Slice (640:767) on FGPA 0, FPGA link 3, board None, linked to chip (0, 0)
  Slice (640:767) on FGPA 0, FPGA link 5, board None, linked to chip (0, 0)
  Slice (640:767) on FGPA 0, FPGA link 7, board None, linked to chip (0, 0)
  Slice (640:767) on FGPA 0, FPGA link 9, board None, linked to chip (0, 0)
  Slice (768:895) on FGPA 0, FPGA link 11, board None, linked to chip (0, 0)
  Slice (768:895) on FGPA 0, FPGA link 13, board None, linked to chip (0, 0)
  Slice (768:895) on FGPA 0, FPGA link 15, board None, linked to chip (0, 0)
  Slice (768:895) on FGPA 0, FPGA link 1, board None, linked to chip (0, 0)
  Slice (768:895) on FGPA 0, FPGA link 3, board None, linked to chip (0, 0)
  Slice (768:895) on FGPA 0, FPGA link 5, board None, linked to chip (0, 0)
  Slice (768:895) on FGPA 0, FPGA link 7, board None, linked to chip (0, 0)
  Slice (768:895) on FGPA 0, FPGA link 9, board None, linked to chip (0, 0)
  Slice (896:1023) on FGPA 0, FPGA link 11, board None, linked to chip (0, 0)
  Slice (896:1023) on FGPA 0, FPGA link 13, board None, linked to chip (0, 0)
  Slice (896:1023) on FGPA 0, FPGA link 15, board None, linked to chip (0, 0)
  Slice (896:1023) on FGPA 0, FPGA link 1, board None, linked to chip (0, 0)
  Slice (896:1023) on FGPA 0, FPGA link 3, board None, linked to chip (0, 0)
  Slice (896:1023) on FGPA 0, FPGA link 5, board None, linked to chip (0, 0)
  Slice (896:1023) on FGPA 0, FPGA link 7, board None, linked to chip (0, 0)
  Slice (896:1023) on FGPA 0, FPGA link 9, board None, linked to chip (0, 0)
  Slice (1024:1151) on FGPA 0, FPGA link 11, board None, linked to chip (0, 0)
  Slice (1024:1151) on FGPA 0, FPGA link 13, board None, linked to chip (0, 0)
  Slice (1024:1151) on FGPA 0, FPGA link 15, board None, linked to chip (0, 0)
  Slice (1024:1151) on FGPA 0, FPGA link 1, board None, linked to chip (0, 0)
  Slice (1024:1151) on FGPA 0, FPGA link 3, board None, linked to chip (0, 0)
  Slice (1024:1151) on FGPA 0, FPGA link 5, board None, linked to chip (0, 0)
  Slice (1024:1151) on FGPA 0, FPGA link 7, board None, linked to chip (0, 0)
  Slice (1024:1151) on FGPA 0, FPGA link 9, board None, linked to chip (0, 0)
  Slice (1152:1279) on FGPA 0, FPGA link 11, board None, linked to chip (0, 0)
  Slice (1152:1279) on FGPA 0, FPGA link 13, board None, linked to chip (0, 0)
  Slice (1152:1279) on FGPA 0, FPGA link 15, board None, linked to chip (0, 0)
  Slice (1152:1279) on FGPA 0, FPGA link 1, board None, linked to chip (0, 0)
  Slice (1152:1279) on FGPA 0, FPGA link 3, board None, linked to chip (0, 0)
  Slice (1152:1279) on FGPA 0, FPGA link 5, board None, linked to chip (0, 0)
  Slice (1152:1279) on FGPA 0, FPGA link 7, board None, linked to chip (0, 0)
  Slice (1152:1279) on FGPA 0, FPGA link 9, board None, linked to chip (0, 0)
  Slice (1280:1407) on FGPA 0, FPGA link 11, board None, linked to chip (0, 0)
  Slice (1280:1407) on FGPA 0, FPGA link 13, board None, linked to chip (0, 0)
  Slice (1280:1407) on FGPA 0, FPGA link 15, board None, linked to chip (0, 0)
  Slice (1280:1407) on FGPA 0, FPGA link 1, board None, linked to chip (0, 0)
  Slice (1280:1407) on FGPA 0, FPGA link 3, board None, linked to chip (0, 0)
  Slice (1280:1407) on FGPA 0, FPGA link 5, board None, linked to chip (0, 0)
  Slice (1280:1407) on FGPA 0, FPGA link 7, board None, linked to chip (0, 0)
  Slice (1280:1407) on FGPA 0, FPGA link 9, board None, linked to chip (0, 0)
  Slice (1408:1535) on FGPA 0, FPGA link 11, board None, linked to chip (0, 0)
  Slice (1408:1535) on FGPA 0, FPGA link 13, board None, linked to chip (0, 0)
  Slice (1408:1535) on FGPA 0, FPGA link 15, board None, linked to chip (0, 0)
  Slice (1408:1535) on FGPA 0, FPGA link 1, board None, linked to chip (0, 0)
  Slice (1408:1535) on FGPA 0, FPGA link 3, board None, linked to chip (0, 0)
  Slice (1408:1535) on FGPA 0, FPGA link 5, board None, linked to chip (0, 0)
  Slice (1408:1535) on FGPA 0, FPGA link 7, board None, linked to chip (0, 0)
  Slice (1408:1535) on FGPA 0, FPGA link 9, board None, linked to chip (0, 0)
  Slice (1536:1663) on FGPA 0, FPGA link 11, board None, linked to chip (0, 0)
  Slice (1536:1663) on FGPA 0, FPGA link 13, board None, linked to chip (0, 0)
  Slice (1536:1663) on FGPA 0, FPGA link 15, board None, linked to chip (0, 0)
  Slice (1536:1663) on FGPA 0, FPGA link 1, board None, linked to chip (0, 0)
  Slice (1536:1663) on FGPA 0, FPGA link 3, board None, linked to chip (0, 0)
  Slice (1536:1663) on FGPA 0, FPGA link 5, board None, linked to chip (0, 0)
  Slice (1536:1663) on FGPA 0, FPGA link 7, board None, linked to chip (0, 0)
  Slice (1536:1663) on FGPA 0, FPGA link 9, board None, linked to chip (0, 0)
  Slice (1664:1791) on FGPA 0, FPGA link 11, board None, linked to chip (0, 0)
  Slice (1664:1791) on FGPA 0, FPGA link 13, board None, linked to chip (0, 0)
  Slice (1664:1791) on FGPA 0, FPGA link 15, board None, linked to chip (0, 0)
  Slice (1664:1791) on FGPA 0, FPGA link 1, board None, linked to chip (0, 0)
  Slice (1664:1791) on FGPA 0, FPGA link 3, board None, linked to chip (0, 0)
  Slice (1664:1791) on FGPA 0, FPGA link 5, board None, linked to chip (0, 0)
  Slice (1664:1791) on FGPA 0, FPGA link 7, board None, linked to chip (0, 0)
  Slice (1664:1791) on FGPA 0, FPGA link 9, board None, linked to chip (0, 0)
  Slice (1792:1919) on FGPA 0, FPGA link 11, board None, linked to chip (0, 0)
  Slice (1792:1919) on FGPA 0, FPGA link 13, board None, linked to chip (0, 0)
  Slice (1792:1919) on FGPA 0, FPGA link 15, board None, linked to chip (0, 0)
  Slice (1792:1919) on FGPA 0, FPGA link 1, board None, linked to chip (0, 0)
  Slice (1792:1919) on FGPA 0, FPGA link 3, board None, linked to chip (0, 0)
  Slice (1792:1919) on FGPA 0, FPGA link 5, board None, linked to chip (0, 0)
  Slice (1792:1919) on FGPA 0, FPGA link 7, board None, linked to chip (0, 0)
  Slice (1792:1919) on FGPA 0, FPGA link 9, board None, linked to chip (0, 0)
  Slice (1920:2047) on FGPA 0, FPGA link 11, board None, linked to chip (0, 0)
  Slice (1920:2047) on FGPA 0, FPGA link 13, board None, linked to chip (0, 0)
  Slice (1920:2047) on FGPA 0, FPGA link 15, board None, linked to chip (0, 0)
  Slice (1920:2047) on FGPA 0, FPGA link 1, board None, linked to chip (0, 0)
  Slice (1920:2047) on FGPA 0, FPGA link 3, board None, linked to chip (0, 0)
  Slice (1920:2047) on FGPA 0, FPGA link 5, board None, linked to chip (0, 0)
  Slice (1920:2047) on FGPA 0, FPGA link 7, board None, linked to chip (0, 0)
  Slice (1920:2047) on FGPA 0, FPGA link 9, board None, linked to chip (0, 0)
  Slice (2048:2175) on FGPA 0, FPGA link 11, board None, linked to chip (0, 0)
  Slice (2048:2175) on FGPA 0, FPGA link 13, board None, linked to chip (0, 0)
  Slice (2048:2175) on FGPA 0, FPGA link 15, board None, linked to chip (0, 0)
  Slice (2048:2175) on FGPA 0, FPGA link 1, board None, linked to chip (0, 0)
  Slice (2048:2175) on FGPA 0, FPGA link 3, board None, linked to chip (0, 0)
  Slice (2048:2175) on FGPA 0, FPGA link 5, board None, linked to chip (0, 0)
  Slice (2048:2175) on FGPA 0, FPGA link 7, board None, linked to chip (0, 0)
  Slice (2048:2175) on FGPA 0, FPGA link 9, board None, linked to chip (0, 0)
  Slice (2176:2303) on FGPA 0, FPGA link 11, board None, linked to chip (0, 0)
  Slice (2176:2303) on FGPA 0, FPGA link 13, board None, linked to chip (0, 0)
  Slice (2176:2303) on FGPA 0, FPGA link 15, board None, linked to chip (0, 0)
  Slice (2176:2303) on FGPA 0, FPGA link 1, board None, linked to chip (0, 0)
  Slice (2176:2303) on FGPA 0, FPGA link 3, board None, linked to chip (0, 0)
  Slice (2176:2303) on FGPA 0, FPGA link 5, board None, linked to chip (0, 0)
  Slice (2176:2303) on FGPA 0, FPGA link 7, board None, linked to chip (0, 0)
  Slice (2176:2303) on FGPA 0, FPGA link 9, board None, linked to chip (0, 0)
  Slice (2304:2431) on FGPA 0, FPGA link 11, board None, linked to chip (0, 0)
  Slice (2304:2431) on FGPA 0, FPGA link 13, board None, linked to chip (0, 0)
  Slice (2304:2431) on FGPA 0, FPGA link 15, board None, linked to chip (0, 0)
  Slice (2304:2431) on FGPA 0, FPGA link 1, board None, linked to chip (0, 0)
  Slice (2304:2431) on FGPA 0, FPGA link 3, board None, linked to chip (0, 0)
  Slice (2304:2431) on FGPA 0, FPGA link 5, board None, linked to chip (0, 0)
  Slice (2304:2431) on FGPA 0, FPGA link 7, board None, linked to chip (0, 0)
  Slice (2304:2431) on FGPA 0, FPGA link 9, board None, linked to chip (0, 0)
  Slice (2432:2559) on FGPA 0, FPGA link 11, board None, linked to chip (0, 0)
  Slice (2432:2559) on FGPA 0, FPGA link 13, board None, linked to chip (0, 0)
  Slice (2432:2559) on FGPA 0, FPGA link 15, board None, linked to chip (0, 0)
  Slice (2432:2559) on FGPA 0, FPGA link 1, board None, linked to chip (0, 0)
  Slice (2432:2559) on FGPA 0, FPGA link 3, board None, linked to chip (0, 0)
  Slice (2432:2559) on FGPA 0, FPGA link 5, board None, linked to chip (0, 0)
  Slice (2432:2559) on FGPA 0, FPGA link 7, board None, linked to chip (0, 0)
  Slice (2432:2559) on FGPA 0, FPGA link 9, board None, linked to chip (0, 0)
  Slice (2560:2687) on FGPA 0, FPGA link 11, board None, linked to chip (0, 0)
  Slice (2560:2687) on FGPA 0, FPGA link 13, board None, linked to chip (0, 0)
  Slice (2560:2687) on FGPA 0, FPGA link 15, board None, linked to chip (0, 0)
  Slice (2560:2687) on FGPA 0, FPGA link 1, board None, linked to chip (0, 0)
  Slice (2560:2687) on FGPA 0, FPGA link 3, board None, linked to chip (0, 0)
  Slice (2560:2687) on FGPA 0, FPGA link 5, board None, linked to chip (0, 0)
  Slice (2560:2687) on FGPA 0, FPGA link 7, board None, linked to chip (0, 0)
  Slice (2560:2687) on FGPA 0, FPGA link 9, board None, linked to chip (0, 0)
  Slice (2688:2815) on FGPA 0, FPGA link 11, board None, linked to chip (0, 0)
  Slice (2688:2815) on FGPA 0, FPGA link 13, board None, linked to chip (0, 0)
  Slice (2688:2815) on FGPA 0, FPGA link 15, board None, linked to chip (0, 0)
  Slice (2688:2815) on FGPA 0, FPGA link 1, board None, linked to chip (0, 0)
  Slice (2688:2815) on FGPA 0, FPGA link 3, board None, linked to chip (0, 0)
  Slice (2688:2815) on FGPA 0, FPGA link 5, board None, linked to chip (0, 0)
  Slice (2688:2815) on FGPA 0, FPGA link 7, board None, linked to chip (0, 0)
  Slice (2688:2815) on FGPA 0, FPGA link 9, board None, linked to chip (0, 0)
  Slice (2816:2943) on FGPA 0, FPGA link 11, board None, linked to chip (0, 0)
  Slice (2816:2943) on FGPA 0, FPGA link 13, board None, linked to chip (0, 0)
  Slice (2816:2943) on FGPA 0, FPGA link 15, board None, linked to chip (0, 0)
  Slice (2816:2943) on FGPA 0, FPGA link 1, board None, linked to chip (0, 0)
  Slice (2816:2943) on FGPA 0, FPGA link 3, board None, linked to chip (0, 0)
  Slice (2816:2943) on FGPA 0, FPGA link 5, board None, linked to chip (0, 0)
  Slice (2816:2943) on FGPA 0, FPGA link 7, board None, linked to chip (0, 0)
  Slice (2816:2943) on FGPA 0, FPGA link 9, board None, linked to chip (0, 0)
  Slice (2944:3071) on FGPA 0, FPGA link 11, board None, linked to chip (0, 0)
  Slice (2944:3071) on FGPA 0, FPGA link 13, board None, linked to chip (0, 0)
  Slice (2944:3071) on FGPA 0, FPGA link 15, board None, linked to chip (0, 0)
  Slice (2944:3071) on FGPA 0, FPGA link 1, board None, linked to chip (0, 0)
  Slice (2944:3071) on FGPA 0, FPGA link 3, board None, linked to chip (0, 0)
  Slice (2944:3071) on FGPA 0, FPGA link 5, board None, linked to chip (0, 0)
  Slice (2944:3071) on FGPA 0, FPGA link 7, board None, linked to chip (0, 0)
  Slice (2944:3071) on FGPA 0, FPGA link 9, board None, linked to chip (0, 0)

**** Vertex: 'Capture for device 0'
Model: AbstractPopulationVertex
Pop size: 3072
Machine Vertices: 
  Slice (0:127) on core (0, 0, 4) 
  Slice (128:255) on core (0, 0, 5) 
  Slice (256:383) on core (0, 0, 6) 
  Slice (384:511) on core (0, 0, 7) 
  Slice (512:639) on core (0, 0, 8) 
  Slice (640:767) on core (0, 0, 9) 
  Slice (768:895) on core (0, 0, 10) 
  Slice (896:1023) on core (0, 0, 11) 
  Slice (1024:1151) on core (0, 0, 12) 
  Slice (1152:1279) on core (0, 0, 13) 
  Slice (1280:1407) on core (0, 0, 14) 
  Slice (1408:1535) on core (0, 0, 15) 
  Slice (1536:1663) on core (0, 0, 16) 
  Slice (1664:1791) on core (0, 0, 17) 
  Slice (1792:1919) on core (1, 0, 2) 
  Slice (1920:2047) on core (1, 0, 3) 
  Slice (2048:2175) on core (1, 0, 4) 
  Slice (2176:2303) on core (1, 0, 5) 
  Slice (2304:2431) on core (1, 0, 6) 
  Slice (2432:2559) on core (1, 0, 7) 
  Slice (2560:2687) on core (1, 0, 8) 
  Slice (2688:2815) on core (1, 0, 9) 
  Slice (2816:2943) on core (1, 0, 10) 
  Slice (2944:3071) on core (1, 0, 11) 

**** Vertex: 'Command Sender on 0, 0'
Model: CommandSender
Pop size: 1
Machine Vertices: 
  Slice (0:0) on core (0, 0, 1) 

